Archive member included because of file (symbol)

/usr/local/CrossPack-AVR-20130212/lib/gcc/avr/4.6.2/../../../../avr/lib/avr5/libm.a(addsf3.o)
                              draw.o (__addsf3)
/usr/local/CrossPack-AVR-20130212/lib/gcc/avr/4.6.2/../../../../avr/lib/avr5/libm.a(addsf3x.o)
                              /usr/local/CrossPack-AVR-20130212/lib/gcc/avr/4.6.2/../../../../avr/lib/avr5/libm.a(addsf3.o) (__addsf3x)
/usr/local/CrossPack-AVR-20130212/lib/gcc/avr/4.6.2/../../../../avr/lib/avr5/libm.a(cos.o)
                              effect.o (cos)
/usr/local/CrossPack-AVR-20130212/lib/gcc/avr/4.6.2/../../../../avr/lib/avr5/libm.a(divsf3.o)
                              draw.o (__divsf3)
/usr/local/CrossPack-AVR-20130212/lib/gcc/avr/4.6.2/../../../../avr/lib/avr5/libm.a(divsf3x.o)
                              /usr/local/CrossPack-AVR-20130212/lib/gcc/avr/4.6.2/../../../../avr/lib/avr5/libm.a(divsf3.o) (__divsf3x)
/usr/local/CrossPack-AVR-20130212/lib/gcc/avr/4.6.2/../../../../avr/lib/avr5/libm.a(fixsfsi.o)
                              effect.o (__fixsfsi)
/usr/local/CrossPack-AVR-20130212/lib/gcc/avr/4.6.2/../../../../avr/lib/avr5/libm.a(fixunssfsi.o)
                              draw.o (__fixunssfsi)
/usr/local/CrossPack-AVR-20130212/lib/gcc/avr/4.6.2/../../../../avr/lib/avr5/libm.a(floatsisf.o)
                              draw.o (__floatsisf)
/usr/local/CrossPack-AVR-20130212/lib/gcc/avr/4.6.2/../../../../avr/lib/avr5/libm.a(fp_inf.o)
                              /usr/local/CrossPack-AVR-20130212/lib/gcc/avr/4.6.2/../../../../avr/lib/avr5/libm.a(addsf3x.o) (__fp_inf)
/usr/local/CrossPack-AVR-20130212/lib/gcc/avr/4.6.2/../../../../avr/lib/avr5/libm.a(fp_nan.o)
                              /usr/local/CrossPack-AVR-20130212/lib/gcc/avr/4.6.2/../../../../avr/lib/avr5/libm.a(addsf3x.o) (__fp_nan)
/usr/local/CrossPack-AVR-20130212/lib/gcc/avr/4.6.2/../../../../avr/lib/avr5/libm.a(fp_pscA.o)
                              /usr/local/CrossPack-AVR-20130212/lib/gcc/avr/4.6.2/../../../../avr/lib/avr5/libm.a(addsf3x.o) (__fp_pscA)
/usr/local/CrossPack-AVR-20130212/lib/gcc/avr/4.6.2/../../../../avr/lib/avr5/libm.a(fp_pscB.o)
                              /usr/local/CrossPack-AVR-20130212/lib/gcc/avr/4.6.2/../../../../avr/lib/avr5/libm.a(addsf3x.o) (__fp_pscB)
/usr/local/CrossPack-AVR-20130212/lib/gcc/avr/4.6.2/../../../../avr/lib/avr5/libm.a(fp_rempio2.o)
                              /usr/local/CrossPack-AVR-20130212/lib/gcc/avr/4.6.2/../../../../avr/lib/avr5/libm.a(cos.o) (__fp_rempio2)
/usr/local/CrossPack-AVR-20130212/lib/gcc/avr/4.6.2/../../../../avr/lib/avr5/libm.a(fp_round.o)
                              /usr/local/CrossPack-AVR-20130212/lib/gcc/avr/4.6.2/../../../../avr/lib/avr5/libm.a(addsf3.o) (__fp_round)
/usr/local/CrossPack-AVR-20130212/lib/gcc/avr/4.6.2/../../../../avr/lib/avr5/libm.a(fp_sinus.o)
                              /usr/local/CrossPack-AVR-20130212/lib/gcc/avr/4.6.2/../../../../avr/lib/avr5/libm.a(cos.o) (__fp_sinus)
/usr/local/CrossPack-AVR-20130212/lib/gcc/avr/4.6.2/../../../../avr/lib/avr5/libm.a(fp_split3.o)
                              /usr/local/CrossPack-AVR-20130212/lib/gcc/avr/4.6.2/../../../../avr/lib/avr5/libm.a(addsf3x.o) (__fp_split3)
/usr/local/CrossPack-AVR-20130212/lib/gcc/avr/4.6.2/../../../../avr/lib/avr5/libm.a(fp_zero.o)
                              /usr/local/CrossPack-AVR-20130212/lib/gcc/avr/4.6.2/../../../../avr/lib/avr5/libm.a(addsf3x.o) (__fp_zero)
/usr/local/CrossPack-AVR-20130212/lib/gcc/avr/4.6.2/../../../../avr/lib/avr5/libm.a(mulsf3.o)
                              draw.o (__mulsf3)
/usr/local/CrossPack-AVR-20130212/lib/gcc/avr/4.6.2/../../../../avr/lib/avr5/libm.a(mulsf3x.o)
                              /usr/local/CrossPack-AVR-20130212/lib/gcc/avr/4.6.2/../../../../avr/lib/avr5/libm.a(mulsf3.o) (__mulsf3x)
/usr/local/CrossPack-AVR-20130212/lib/gcc/avr/4.6.2/../../../../avr/lib/avr5/libm.a(sin.o)
                              effect.o (sin)
/usr/local/CrossPack-AVR-20130212/lib/gcc/avr/4.6.2/../../../../avr/lib/avr5/libm.a(fp_mpack.o)
                              /usr/local/CrossPack-AVR-20130212/lib/gcc/avr/4.6.2/../../../../avr/lib/avr5/libm.a(fp_rempio2.o) (__fp_mpack_finite)
/usr/local/CrossPack-AVR-20130212/lib/gcc/avr/4.6.2/../../../../avr/lib/avr5/libm.a(fp_powsodd.o)
                              /usr/local/CrossPack-AVR-20130212/lib/gcc/avr/4.6.2/../../../../avr/lib/avr5/libm.a(fp_sinus.o) (__fp_powsodd)
/usr/local/CrossPack-AVR-20130212/lib/gcc/avr/4.6.2/../../../../avr/lib/avr5/libm.a(fp_powser.o)
                              /usr/local/CrossPack-AVR-20130212/lib/gcc/avr/4.6.2/../../../../avr/lib/avr5/libm.a(fp_powsodd.o) (__fp_powser)
/usr/local/CrossPack-AVR-20130212/lib/gcc/avr/4.6.2/avr5/libgcc.a(_udivmodqi4.o)
                              main.o (__udivmodqi4)
/usr/local/CrossPack-AVR-20130212/lib/gcc/avr/4.6.2/avr5/libgcc.a(_divmodhi4.o)
                              main.o (__divmodhi4)
/usr/local/CrossPack-AVR-20130212/lib/gcc/avr/4.6.2/avr5/libgcc.a(_exit.o)
                              /usr/local/CrossPack-AVR-20130212/lib/gcc/avr/4.6.2/../../../../avr/lib/avr5/crtm32.o (exit)
/usr/local/CrossPack-AVR-20130212/lib/gcc/avr/4.6.2/avr5/libgcc.a(_copy_data.o)
                              main.o (__do_copy_data)
/usr/local/CrossPack-AVR-20130212/lib/gcc/avr/4.6.2/avr5/libgcc.a(_clear_bss.o)
                              main.o (__do_clear_bss)
/usr/local/CrossPack-AVR-20130212/lib/gcc/avr/4.6.2/avr5/libgcc.a(_udivmodhi4.o)
                              /usr/local/CrossPack-AVR-20130212/lib/gcc/avr/4.6.2/avr5/libgcc.a(_divmodhi4.o) (__udivmodhi4)
/usr/local/CrossPack-AVR-20130212/lib/gcc/avr/4.6.2/../../../../avr/lib/avr5/libc.a(rand.o)
                              main.o (rand)
/usr/local/CrossPack-AVR-20130212/lib/gcc/avr/4.6.2/../../../../avr/lib/avr5/libc.a(strtok.o)
                              command_line.o (strtok)
/usr/local/CrossPack-AVR-20130212/lib/gcc/avr/4.6.2/../../../../avr/lib/avr5/libc.a(strtok_r.o)
                              /usr/local/CrossPack-AVR-20130212/lib/gcc/avr/4.6.2/../../../../avr/lib/avr5/libc.a(strtok.o) (strtok_r)
/usr/local/CrossPack-AVR-20130212/lib/gcc/avr/4.6.2/../../../../avr/lib/avr5/libc.a(eerd_byte_atmega32.o)
                              font.o (__eerd_byte_m32)
/usr/local/CrossPack-AVR-20130212/lib/gcc/avr/4.6.2/avr5/libgcc.a(_mulsi3.o)
                              /usr/local/CrossPack-AVR-20130212/lib/gcc/avr/4.6.2/../../../../avr/lib/avr5/libc.a(rand.o) (__mulsi3)
/usr/local/CrossPack-AVR-20130212/lib/gcc/avr/4.6.2/avr5/libgcc.a(_divmodsi4.o)
                              /usr/local/CrossPack-AVR-20130212/lib/gcc/avr/4.6.2/../../../../avr/lib/avr5/libc.a(rand.o) (__divmodsi4)
/usr/local/CrossPack-AVR-20130212/lib/gcc/avr/4.6.2/avr5/libgcc.a(_udivmodsi4.o)
                              /usr/local/CrossPack-AVR-20130212/lib/gcc/avr/4.6.2/avr5/libgcc.a(_divmodsi4.o) (__udivmodsi4)

Allocating common symbols
Common symbol       size              file

m_Echo              0x1               uart.o
current_mode        0x1               main.o
fb                  0x40              main.o
cube                0x40              main.o
debug_mode_counter  0x1               debug.o
m_timer_ms          0x2               util.o
TXFifo              0x8c              uart.o
m_override_delay    0x1               util.o
debug_mode          0x1               debug.o
data                0x40              command_line.o
debug_active        0x1               debug.o
m_current_delay     0x2               util.o
current_layer       0x1               main.o
binary_mode         0x1               main.o
last_debug_mode     0x1               debug.o
RXFifo              0x8c              uart.o

Memory Configuration

Name             Origin             Length             Attributes
text             0x00000000         0x00020000         xr
data             0x00800060         0x0000ffa0         rw !x
eeprom           0x00810000         0x00010000         rw !x
fuse             0x00820000         0x00000400         rw !x
lock             0x00830000         0x00000400         rw !x
signature        0x00840000         0x00000400         rw !x
*default*        0x00000000         0xffffffff

Linker script and memory map

LOAD /usr/local/CrossPack-AVR-20130212/lib/gcc/avr/4.6.2/../../../../avr/lib/avr5/crtm32.o
LOAD main.o
LOAD command_line.o
LOAD debug.o
LOAD draw.o
LOAD effect.o
LOAD font.o
LOAD gameoflife.o
LOAD launch_effect.o
LOAD music.o
LOAD uart.o
LOAD util.o
LOAD /usr/local/CrossPack-AVR-20130212/lib/gcc/avr/4.6.2/../../../../avr/lib/avr5/libm.a
LOAD /usr/local/CrossPack-AVR-20130212/lib/gcc/avr/4.6.2/avr5/libgcc.a
LOAD /usr/local/CrossPack-AVR-20130212/lib/gcc/avr/4.6.2/../../../../avr/lib/avr5/libc.a
LOAD /usr/local/CrossPack-AVR-20130212/lib/gcc/avr/4.6.2/avr5/libgcc.a

.hash
 *(.hash)

.dynsym
 *(.dynsym)

.dynstr
 *(.dynstr)

.gnu.version
 *(.gnu.version)

.gnu.version_d
 *(.gnu.version_d)

.gnu.version_r
 *(.gnu.version_r)

.rel.init
 *(.rel.init)

.rela.init
 *(.rela.init)

.rel.text
 *(.rel.text)
 *(.rel.text.*)
 *(.rel.gnu.linkonce.t*)

.rela.text
 *(.rela.text)
 *(.rela.text.*)
 *(.rela.gnu.linkonce.t*)

.rel.fini
 *(.rel.fini)

.rela.fini
 *(.rela.fini)

.rel.rodata
 *(.rel.rodata)
 *(.rel.rodata.*)
 *(.rel.gnu.linkonce.r*)

.rela.rodata
 *(.rela.rodata)
 *(.rela.rodata.*)
 *(.rela.gnu.linkonce.r*)

.rel.data
 *(.rel.data)
 *(.rel.data.*)
 *(.rel.gnu.linkonce.d*)

.rela.data
 *(.rela.data)
 *(.rela.data.*)
 *(.rela.gnu.linkonce.d*)

.rel.ctors
 *(.rel.ctors)

.rela.ctors
 *(.rela.ctors)

.rel.dtors
 *(.rel.dtors)

.rela.dtors
 *(.rela.dtors)

.rel.got
 *(.rel.got)

.rela.got
 *(.rela.got)

.rel.bss
 *(.rel.bss)

.rela.bss
 *(.rela.bss)

.rel.plt
 *(.rel.plt)

.rela.plt
 *(.rela.plt)

.text           0x00000000     0x4cc2
 *(.vectors)
 .vectors       0x00000000       0x54 /usr/local/CrossPack-AVR-20130212/lib/gcc/avr/4.6.2/../../../../avr/lib/avr5/crtm32.o
                0x00000000                __vectors
                0x00000000                __vector_default
 *(.vectors)
 *(.progmem.gcc*)
 .progmem.gcc_sw_table
                0x00000054       0x36 launch_effect.o
 .progmem.gcc_fplib
                0x0000008a       0x1e /usr/local/CrossPack-AVR-20130212/lib/gcc/avr/4.6.2/../../../../avr/lib/avr5/libm.a(fp_sinus.o)
 *(.progmem*)
 .progmem.data  0x000000a8       0x2c font.o
                0x000000a8                paths
 .progmem.data  0x000000d4      0x1ed launch_effect.o
 .progmem.data  0x000002c1       0x32 music.o
                0x000002f4                . = ALIGN (0x2)
 *fill*         0x000002f3        0x1 00
                0x000002f4                __trampolines_start = .
 *(.trampolines)
 .trampolines   0x000002f4        0x0 linker stubs
 *(.trampolines*)
                0x000002f4                __trampolines_end = .
 *(.jumptables)
 *(.jumptables*)
 *(.lowtext)
 *(.lowtext*)
                0x000002f4                __ctors_start = .
 *(.ctors)
                0x000002f4                __ctors_end = .
                0x000002f4                __dtors_start = .
 *(.dtors)
                0x000002f4                __dtors_end = .
 SORT(*)(.ctors)
 SORT(*)(.dtors)
 *(.init0)
 .init0         0x000002f4        0x0 /usr/local/CrossPack-AVR-20130212/lib/gcc/avr/4.6.2/../../../../avr/lib/avr5/crtm32.o
                0x000002f4                __init
 *(.init0)
 *(.init1)
 *(.init1)
 *(.init2)
 .init2         0x000002f4        0xc /usr/local/CrossPack-AVR-20130212/lib/gcc/avr/4.6.2/../../../../avr/lib/avr5/crtm32.o
 *(.init2)
 *(.init3)
 *(.init3)
 *(.init4)
 .init4         0x00000300       0x16 /usr/local/CrossPack-AVR-20130212/lib/gcc/avr/4.6.2/avr5/libgcc.a(_copy_data.o)
                0x00000300                __do_copy_data
 .init4         0x00000316       0x10 /usr/local/CrossPack-AVR-20130212/lib/gcc/avr/4.6.2/avr5/libgcc.a(_clear_bss.o)
                0x00000316                __do_clear_bss
 *(.init4)
 *(.init5)
 *(.init5)
 *(.init6)
 *(.init6)
 *(.init7)
 *(.init7)
 *(.init8)
 *(.init8)
 *(.init9)
 .init9         0x00000326        0x8 /usr/local/CrossPack-AVR-20130212/lib/gcc/avr/4.6.2/../../../../avr/lib/avr5/crtm32.o
 *(.init9)
 *(.text)
 .text          0x0000032e        0x4 /usr/local/CrossPack-AVR-20130212/lib/gcc/avr/4.6.2/../../../../avr/lib/avr5/crtm32.o
                0x0000032e                __vector_20
                0x0000032e                __vector_12
                0x0000032e                __bad_interrupt
                0x0000032e                __vector_6
                0x0000032e                __vector_3
                0x0000032e                __vector_11
                0x0000032e                __vector_17
                0x0000032e                __vector_19
                0x0000032e                __vector_7
                0x0000032e                __vector_5
                0x0000032e                __vector_9
                0x0000032e                __vector_2
                0x0000032e                __vector_15
                0x0000032e                __vector_8
                0x0000032e                __vector_16
                0x0000032e                __vector_18
                0x0000032e                __vector_1
 .text          0x00000332      0x296 main.o
                0x00000332                __vector_4
                0x000003ae                __vector_10
                0x00000450                ioinit
                0x0000049a                SelfTest
                0x00000522                rs232
 .text          0x000005c8       0x52 command_line.o
                0x000005c8                parse
                0x000005d6                read_and_execute
 .text          0x0000061a       0x70 debug.o
                0x0000061a                debug_init
                0x0000062a                change_debug_mode
                0x0000063c                debug_tick
                0x0000067c                send_debug_info
                0x00000682                send_debug_info_p
                0x00000688                debug_blink
 .text          0x0000068a      0xd8c draw.o
                0x0000068a                inrange
                0x000006ae                tmpclrvoxel
                0x000006fa                clrvoxel
                0x00000746                tmpsetvoxel
                0x00000790                setvoxel
                0x000007da                getvoxel
                0x00000824                altervoxel
                0x00000836                flpvoxel
                0x00000880                argorder
                0x0000089e                setplane_z
                0x000008c8                clrplane_z
                0x000008f0                setplane_x
                0x00000944                clrplane_x
                0x0000099a                setplane_y
                0x000009ba                clrplane_y
                0x000009d8                setplane
                0x00000a00                clrplane
                0x00000a28                fill
                0x00000a58                tmpfill
                0x00000a88                byteline
                0x00000ab0                box_wireframe
                0x00000bdc                box_walls
                0x00000d00                box_filled
                0x00000de6                flipbyte
                0x00000e48                line
                0x00001068                tmp2cube
                0x0000107c                shift
                0x000011e0                mirror_y
                0x000012d2                mirror_x
                0x0000138a                mirror_z
 .text          0x00001416     0x1fe4 effect.o
                0x00001416                effect_test
                0x000014d6                effect_stringfly2
                0x00001608                effect_planboing
                0x0000165a                effect_blinky2
                0x00001730                effect_box_shrink_grow
                0x0000184a                effect_box_woopwoop
                0x000018cc                sendvoxel_z
                0x0000196c                sendplane_rand_z
                0x000019f6                sendvoxels_rand_z
                0x00001b00                boingboing
                0x000020ba                effect_random_filler
                0x000021aa                effect_rain
                0x00002258                draw_positions_axis
                0x00002324                effect_axis_updown_randsuspend
                0x0000247e                effect_z_updown_move
                0x000024ca                effect_z_updown
                0x00002628                effect_boxside_randsend_parallel
                0x00002794                effect_loadbar
                0x00002832                effect_random_sparkle_flash
                0x000028e2                effect_random_sparkle
                0x00002918                effect_telcstairs_do
                0x00002962                effect_telcstairs
                0x000029a4                effect_wormsqueeze
                0x00002b64                effect_smileyspin
                0x00002f62                effect_pathmove
                0x0000300e                effect_rand_patharound
                0x000030e6                effect_pathspiral
                0x00003192                effect_path_text
                0x000032ee                effect_path_bitmap
 .text          0x000033fa      0x10e font.o
                0x000033fa                font_getpath
                0x00003428                font_getchar
                0x00003480                font_getbitmap
                0x000034cc                font_getbitmappixel
 .text          0x00003508      0x234 gameoflife.o
                0x00003508                gol_count_neighbors
                0x0000360a                gol_nextgen
                0x000036a0                gol_count_changes
                0x000036f4                gol_play
 .text          0x0000373c      0x4f0 launch_effect.o
                0x0000373c                launch_effect
 .text          0x00003c2c      0x1de music.o
                0x00003c2c                music_bars
                0x00003db0                music_ball
                0x00003dba                launch_music_effect
 .text          0x00003e0a      0x522 uart.o
                0x00003e0a                usart_init
                0x00003e60                send_char
                0x00003ef4                send_string
                0x00003faa                send_string_p
                0x00004064                receive_char
                0x000040d2                receive_string
                0x0000414c                SetEcho
                0x00004152                HasChars
                0x0000418a                __vector_14
                0x0000424a                __vector_13
 .text          0x0000432c      0x1c8 util.o
                0x0000432c                util_init
                0x0000433a                delay_tick
                0x00004392                delay_ms
                0x000043ba                set_timer
                0x000043e0                timer_expired
                0x000043f4                override_delay
                0x000043fa                GetChar
                0x0000440c                ADC_Read
                0x00004426                EQ_Read
                0x000044aa                DebounceKey
 .text          0x000044f4        0x0 /usr/local/CrossPack-AVR-20130212/lib/gcc/avr/4.6.2/../../../../avr/lib/avr5/libm.a(addsf3.o)
 .text          0x000044f4        0x0 /usr/local/CrossPack-AVR-20130212/lib/gcc/avr/4.6.2/../../../../avr/lib/avr5/libm.a(addsf3x.o)
 .text          0x000044f4        0x0 /usr/local/CrossPack-AVR-20130212/lib/gcc/avr/4.6.2/../../../../avr/lib/avr5/libm.a(cos.o)
 .text          0x000044f4        0x0 /usr/local/CrossPack-AVR-20130212/lib/gcc/avr/4.6.2/../../../../avr/lib/avr5/libm.a(divsf3.o)
 .text          0x000044f4        0x0 /usr/local/CrossPack-AVR-20130212/lib/gcc/avr/4.6.2/../../../../avr/lib/avr5/libm.a(divsf3x.o)
 .text          0x000044f4        0x0 /usr/local/CrossPack-AVR-20130212/lib/gcc/avr/4.6.2/../../../../avr/lib/avr5/libm.a(fixsfsi.o)
 .text          0x000044f4        0x0 /usr/local/CrossPack-AVR-20130212/lib/gcc/avr/4.6.2/../../../../avr/lib/avr5/libm.a(fixunssfsi.o)
 .text          0x000044f4        0x0 /usr/local/CrossPack-AVR-20130212/lib/gcc/avr/4.6.2/../../../../avr/lib/avr5/libm.a(floatsisf.o)
 .text          0x000044f4        0x0 /usr/local/CrossPack-AVR-20130212/lib/gcc/avr/4.6.2/../../../../avr/lib/avr5/libm.a(fp_inf.o)
 .text          0x000044f4        0x0 /usr/local/CrossPack-AVR-20130212/lib/gcc/avr/4.6.2/../../../../avr/lib/avr5/libm.a(fp_nan.o)
 .text          0x000044f4        0x0 /usr/local/CrossPack-AVR-20130212/lib/gcc/avr/4.6.2/../../../../avr/lib/avr5/libm.a(fp_pscA.o)
 .text          0x000044f4        0x0 /usr/local/CrossPack-AVR-20130212/lib/gcc/avr/4.6.2/../../../../avr/lib/avr5/libm.a(fp_pscB.o)
 .text          0x000044f4        0x0 /usr/local/CrossPack-AVR-20130212/lib/gcc/avr/4.6.2/../../../../avr/lib/avr5/libm.a(fp_rempio2.o)
 .text          0x000044f4        0x0 /usr/local/CrossPack-AVR-20130212/lib/gcc/avr/4.6.2/../../../../avr/lib/avr5/libm.a(fp_round.o)
 .text          0x000044f4        0x0 /usr/local/CrossPack-AVR-20130212/lib/gcc/avr/4.6.2/../../../../avr/lib/avr5/libm.a(fp_sinus.o)
 .text          0x000044f4        0x0 /usr/local/CrossPack-AVR-20130212/lib/gcc/avr/4.6.2/../../../../avr/lib/avr5/libm.a(fp_split3.o)
 .text          0x000044f4        0x0 /usr/local/CrossPack-AVR-20130212/lib/gcc/avr/4.6.2/../../../../avr/lib/avr5/libm.a(fp_zero.o)
 .text          0x000044f4        0x0 /usr/local/CrossPack-AVR-20130212/lib/gcc/avr/4.6.2/../../../../avr/lib/avr5/libm.a(mulsf3.o)
 .text          0x000044f4        0x0 /usr/local/CrossPack-AVR-20130212/lib/gcc/avr/4.6.2/../../../../avr/lib/avr5/libm.a(mulsf3x.o)
 .text          0x000044f4        0x0 /usr/local/CrossPack-AVR-20130212/lib/gcc/avr/4.6.2/../../../../avr/lib/avr5/libm.a(sin.o)
 .text          0x000044f4        0x0 /usr/local/CrossPack-AVR-20130212/lib/gcc/avr/4.6.2/../../../../avr/lib/avr5/libm.a(fp_mpack.o)
 .text          0x000044f4        0x0 /usr/local/CrossPack-AVR-20130212/lib/gcc/avr/4.6.2/../../../../avr/lib/avr5/libm.a(fp_powsodd.o)
 .text          0x000044f4        0x0 /usr/local/CrossPack-AVR-20130212/lib/gcc/avr/4.6.2/../../../../avr/lib/avr5/libm.a(fp_powser.o)
 .text          0x000044f4        0x0 /usr/local/CrossPack-AVR-20130212/lib/gcc/avr/4.6.2/avr5/libgcc.a(_udivmodqi4.o)
 .text          0x000044f4        0x0 /usr/local/CrossPack-AVR-20130212/lib/gcc/avr/4.6.2/avr5/libgcc.a(_divmodhi4.o)
 .text          0x000044f4        0x0 /usr/local/CrossPack-AVR-20130212/lib/gcc/avr/4.6.2/avr5/libgcc.a(_exit.o)
 .text          0x000044f4        0x0 /usr/local/CrossPack-AVR-20130212/lib/gcc/avr/4.6.2/avr5/libgcc.a(_copy_data.o)
 .text          0x000044f4        0x0 /usr/local/CrossPack-AVR-20130212/lib/gcc/avr/4.6.2/avr5/libgcc.a(_clear_bss.o)
 .text          0x000044f4        0x0 /usr/local/CrossPack-AVR-20130212/lib/gcc/avr/4.6.2/avr5/libgcc.a(_udivmodhi4.o)
 .text          0x000044f4        0x0 /usr/local/CrossPack-AVR-20130212/lib/gcc/avr/4.6.2/../../../../avr/lib/avr5/libc.a(rand.o)
 .text          0x000044f4        0x0 /usr/local/CrossPack-AVR-20130212/lib/gcc/avr/4.6.2/../../../../avr/lib/avr5/libc.a(strtok.o)
 .text          0x000044f4        0x0 /usr/local/CrossPack-AVR-20130212/lib/gcc/avr/4.6.2/../../../../avr/lib/avr5/libc.a(strtok_r.o)
 .text          0x000044f4        0x0 /usr/local/CrossPack-AVR-20130212/lib/gcc/avr/4.6.2/../../../../avr/lib/avr5/libc.a(eerd_byte_atmega32.o)
 .text          0x000044f4        0x0 /usr/local/CrossPack-AVR-20130212/lib/gcc/avr/4.6.2/avr5/libgcc.a(_mulsi3.o)
 .text          0x000044f4        0x0 /usr/local/CrossPack-AVR-20130212/lib/gcc/avr/4.6.2/avr5/libgcc.a(_divmodsi4.o)
 .text          0x000044f4        0x0 /usr/local/CrossPack-AVR-20130212/lib/gcc/avr/4.6.2/avr5/libgcc.a(_udivmodsi4.o)
                0x000044f4                . = ALIGN (0x2)
 *(.text.*)
 .text.startup  0x000044f4       0x90 main.o
                0x000044f4                main
 .text.avr-libc.fplib
                0x00004584        0xa /usr/local/CrossPack-AVR-20130212/lib/gcc/avr/4.6.2/../../../../avr/lib/avr5/libm.a(addsf3.o)
                0x00004584                __subsf3
                0x00004586                __addsf3
 .text.avr-libc.fplib
                0x0000458e       0xc0 /usr/local/CrossPack-AVR-20130212/lib/gcc/avr/4.6.2/../../../../avr/lib/avr5/libm.a(addsf3x.o)
                0x000045a8                __addsf3x
 .text.avr-libc.fplib
                0x0000464e        0x6 /usr/local/CrossPack-AVR-20130212/lib/gcc/avr/4.6.2/../../../../avr/lib/avr5/libm.a(cos.o)
                0x0000464e                cos
 .text.avr-libc.fplib
                0x00004654        0x4 /usr/local/CrossPack-AVR-20130212/lib/gcc/avr/4.6.2/../../../../avr/lib/avr5/libm.a(divsf3.o)
                0x00004654                __divsf3
 .text.avr-libc.fplib
                0x00004658       0xcc /usr/local/CrossPack-AVR-20130212/lib/gcc/avr/4.6.2/../../../../avr/lib/avr5/libm.a(divsf3x.o)
                0x0000466e                __divsf3x
                0x00004672                __divsf3_pse
 .text.avr-libc.fplib
                0x00004724        0xa /usr/local/CrossPack-AVR-20130212/lib/gcc/avr/4.6.2/../../../../avr/lib/avr5/libm.a(fixsfsi.o)
                0x00004724                __fixsfsi
 .text.avr-libc.fplib
                0x0000472e       0x58 /usr/local/CrossPack-AVR-20130212/lib/gcc/avr/4.6.2/../../../../avr/lib/avr5/libm.a(fixunssfsi.o)
                0x0000472e                __fixunssfsi
 .text.avr-libc.fplib
                0x00004786       0x7a /usr/local/CrossPack-AVR-20130212/lib/gcc/avr/4.6.2/../../../../avr/lib/avr5/libm.a(floatsisf.o)
                0x00004786                __floatunsisf
                0x0000478a                __floatsisf
 .text.avr-libc.fplib
                0x00004800        0xc /usr/local/CrossPack-AVR-20130212/lib/gcc/avr/4.6.2/../../../../avr/lib/avr5/libm.a(fp_inf.o)
                0x00004800                __fp_inf
 .text.avr-libc.fplib
                0x0000480c        0x6 /usr/local/CrossPack-AVR-20130212/lib/gcc/avr/4.6.2/../../../../avr/lib/avr5/libm.a(fp_nan.o)
                0x0000480c                __fp_nan
 .text.avr-libc.fplib
                0x00004812        0xe /usr/local/CrossPack-AVR-20130212/lib/gcc/avr/4.6.2/../../../../avr/lib/avr5/libm.a(fp_pscA.o)
                0x00004812                __fp_pscA
 .text.avr-libc.fplib
                0x00004820        0xe /usr/local/CrossPack-AVR-20130212/lib/gcc/avr/4.6.2/../../../../avr/lib/avr5/libm.a(fp_pscB.o)
                0x00004820                __fp_pscB
 .text.avr-libc.fplib
                0x0000482e       0x50 /usr/local/CrossPack-AVR-20130212/lib/gcc/avr/4.6.2/../../../../avr/lib/avr5/libm.a(fp_rempio2.o)
                0x00004830                __fp_rempio2
 .text.avr-libc.fplib
                0x0000487e       0x22 /usr/local/CrossPack-AVR-20130212/lib/gcc/avr/4.6.2/../../../../avr/lib/avr5/libm.a(fp_round.o)
                0x0000487e                __fp_round
 .text.avr-libc.fplib
                0x000048a0       0x22 /usr/local/CrossPack-AVR-20130212/lib/gcc/avr/4.6.2/../../../../avr/lib/avr5/libm.a(fp_sinus.o)
                0x000048a0                __fp_sinus
 .text.avr-libc.fplib
                0x000048c2       0x44 /usr/local/CrossPack-AVR-20130212/lib/gcc/avr/4.6.2/../../../../avr/lib/avr5/libm.a(fp_split3.o)
                0x000048c2                __fp_split3
                0x000048d2                __fp_splitA
 .text.avr-libc.fplib
                0x00004906        0xe /usr/local/CrossPack-AVR-20130212/lib/gcc/avr/4.6.2/../../../../avr/lib/avr5/libm.a(fp_zero.o)
                0x00004906                __fp_zero
                0x00004908                __fp_szero
 .text.avr-libc.fplib
                0x00004914        0x4 /usr/local/CrossPack-AVR-20130212/lib/gcc/avr/4.6.2/../../../../avr/lib/avr5/libm.a(mulsf3.o)
                0x00004914                __mulsf3
 .text.avr-libc.fplib
                0x00004918       0xc2 /usr/local/CrossPack-AVR-20130212/lib/gcc/avr/4.6.2/../../../../avr/lib/avr5/libm.a(mulsf3x.o)
                0x0000492c                __mulsf3x
                0x00004930                __mulsf3_pse
 .text.avr-libc.fplib
                0x000049da        0xc /usr/local/CrossPack-AVR-20130212/lib/gcc/avr/4.6.2/../../../../avr/lib/avr5/libm.a(sin.o)
                0x000049da                sin
 .text.avr-libc.fplib
                0x000049e6       0x1c /usr/local/CrossPack-AVR-20130212/lib/gcc/avr/4.6.2/../../../../avr/lib/avr5/libm.a(fp_mpack.o)
                0x000049e6                __fp_mpack
                0x000049ea                __fp_mpack_finite
 .text.avr-libc.fplib
                0x00004a02       0x22 /usr/local/CrossPack-AVR-20130212/lib/gcc/avr/4.6.2/../../../../avr/lib/avr5/libm.a(fp_powsodd.o)
                0x00004a02                __fp_powsodd
 .text.avr-libc.fplib
                0x00004a24       0x4a /usr/local/CrossPack-AVR-20130212/lib/gcc/avr/4.6.2/../../../../avr/lib/avr5/libm.a(fp_powser.o)
                0x00004a24                __fp_powser
 .text.libgcc   0x00004a6e       0x18 /usr/local/CrossPack-AVR-20130212/lib/gcc/avr/4.6.2/avr5/libgcc.a(_udivmodqi4.o)
                0x00004a6e                __udivmodqi4
 .text.libgcc   0x00004a86       0x26 /usr/local/CrossPack-AVR-20130212/lib/gcc/avr/4.6.2/avr5/libgcc.a(_divmodhi4.o)
                0x00004a86                __divmodhi4
                0x00004a86                _div
 .text.libgcc   0x00004aac        0x0 /usr/local/CrossPack-AVR-20130212/lib/gcc/avr/4.6.2/avr5/libgcc.a(_exit.o)
 .text.libgcc   0x00004aac        0x0 /usr/local/CrossPack-AVR-20130212/lib/gcc/avr/4.6.2/avr5/libgcc.a(_copy_data.o)
 .text.libgcc   0x00004aac        0x0 /usr/local/CrossPack-AVR-20130212/lib/gcc/avr/4.6.2/avr5/libgcc.a(_clear_bss.o)
 .text.libgcc   0x00004aac       0x28 /usr/local/CrossPack-AVR-20130212/lib/gcc/avr/4.6.2/avr5/libgcc.a(_udivmodhi4.o)
                0x00004aac                __udivmodhi4
 .text.avr-libc
                0x00004ad4       0xca /usr/local/CrossPack-AVR-20130212/lib/gcc/avr/4.6.2/../../../../avr/lib/avr5/libc.a(rand.o)
                0x00004b78                rand_r
                0x00004b7e                rand
                0x00004b88                srand
 .text.avr-libc
                0x00004b9e        0xa /usr/local/CrossPack-AVR-20130212/lib/gcc/avr/4.6.2/../../../../avr/lib/avr5/libc.a(strtok.o)
                0x00004b9e                strtok
 .text.avr-libc
                0x00004ba8       0x4e /usr/local/CrossPack-AVR-20130212/lib/gcc/avr/4.6.2/../../../../avr/lib/avr5/libc.a(strtok_r.o)
                0x00004ba8                strtok_r
 .text.avr-libc
                0x00004bf6       0x10 /usr/local/CrossPack-AVR-20130212/lib/gcc/avr/4.6.2/../../../../avr/lib/avr5/libc.a(eerd_byte_atmega32.o)
                0x00004bf6                __eerd_byte_m32
 .text.libgcc   0x00004c06       0x3e /usr/local/CrossPack-AVR-20130212/lib/gcc/avr/4.6.2/avr5/libgcc.a(_mulsi3.o)
                0x00004c06                __mulsi3
 .text.libgcc   0x00004c44       0x36 /usr/local/CrossPack-AVR-20130212/lib/gcc/avr/4.6.2/avr5/libgcc.a(_divmodsi4.o)
                0x00004c44                __divmodsi4
 .text.libgcc   0x00004c7a       0x44 /usr/local/CrossPack-AVR-20130212/lib/gcc/avr/4.6.2/avr5/libgcc.a(_udivmodsi4.o)
                0x00004c7a                __udivmodsi4
                0x00004cbe                . = ALIGN (0x2)
 *(.fini9)
 .fini9         0x00004cbe        0x0 /usr/local/CrossPack-AVR-20130212/lib/gcc/avr/4.6.2/avr5/libgcc.a(_exit.o)
                0x00004cbe                exit
                0x00004cbe                _exit
 *(.fini9)
 *(.fini8)
 *(.fini8)
 *(.fini7)
 *(.fini7)
 *(.fini6)
 *(.fini6)
 *(.fini5)
 *(.fini5)
 *(.fini4)
 *(.fini4)
 *(.fini3)
 *(.fini3)
 *(.fini2)
 *(.fini2)
 *(.fini1)
 *(.fini1)
 *(.fini0)
 .fini0         0x00004cbe        0x4 /usr/local/CrossPack-AVR-20130212/lib/gcc/avr/4.6.2/avr5/libgcc.a(_exit.o)
 *(.fini0)
                0x00004cc2                _etext = .

.data           0x00800060       0x44 load address 0x00004cc2
                0x00800060                PROVIDE (__data_start, .)
 *(.data)
 .data          0x00800060        0x0 /usr/local/CrossPack-AVR-20130212/lib/gcc/avr/4.6.2/../../../../avr/lib/avr5/crtm32.o
 .data          0x00800060        0x0 main.o
 .data          0x00800060       0x1b command_line.o
                0x00800077                command_list
 .data          0x0080007b        0x0 debug.o
 .data          0x0080007b        0x0 draw.o
 .data          0x0080007b       0x20 effect.o
 .data          0x0080009b        0x0 font.o
 .data          0x0080009b        0x0 gameoflife.o
 .data          0x0080009b        0x3 launch_effect.o
 .data          0x0080009e        0x0 music.o
 .data          0x0080009e        0x0 uart.o
 .data          0x0080009e        0x1 util.o
 .data          0x0080009f        0x0 /usr/local/CrossPack-AVR-20130212/lib/gcc/avr/4.6.2/../../../../avr/lib/avr5/libm.a(addsf3.o)
 .data          0x0080009f        0x0 /usr/local/CrossPack-AVR-20130212/lib/gcc/avr/4.6.2/../../../../avr/lib/avr5/libm.a(addsf3x.o)
 .data          0x0080009f        0x0 /usr/local/CrossPack-AVR-20130212/lib/gcc/avr/4.6.2/../../../../avr/lib/avr5/libm.a(cos.o)
 .data          0x0080009f        0x0 /usr/local/CrossPack-AVR-20130212/lib/gcc/avr/4.6.2/../../../../avr/lib/avr5/libm.a(divsf3.o)
 .data          0x0080009f        0x0 /usr/local/CrossPack-AVR-20130212/lib/gcc/avr/4.6.2/../../../../avr/lib/avr5/libm.a(divsf3x.o)
 .data          0x0080009f        0x0 /usr/local/CrossPack-AVR-20130212/lib/gcc/avr/4.6.2/../../../../avr/lib/avr5/libm.a(fixsfsi.o)
 .data          0x0080009f        0x0 /usr/local/CrossPack-AVR-20130212/lib/gcc/avr/4.6.2/../../../../avr/lib/avr5/libm.a(fixunssfsi.o)
 .data          0x0080009f        0x0 /usr/local/CrossPack-AVR-20130212/lib/gcc/avr/4.6.2/../../../../avr/lib/avr5/libm.a(floatsisf.o)
 .data          0x0080009f        0x0 /usr/local/CrossPack-AVR-20130212/lib/gcc/avr/4.6.2/../../../../avr/lib/avr5/libm.a(fp_inf.o)
 .data          0x0080009f        0x0 /usr/local/CrossPack-AVR-20130212/lib/gcc/avr/4.6.2/../../../../avr/lib/avr5/libm.a(fp_nan.o)
 .data          0x0080009f        0x0 /usr/local/CrossPack-AVR-20130212/lib/gcc/avr/4.6.2/../../../../avr/lib/avr5/libm.a(fp_pscA.o)
 .data          0x0080009f        0x0 /usr/local/CrossPack-AVR-20130212/lib/gcc/avr/4.6.2/../../../../avr/lib/avr5/libm.a(fp_pscB.o)
 .data          0x0080009f        0x0 /usr/local/CrossPack-AVR-20130212/lib/gcc/avr/4.6.2/../../../../avr/lib/avr5/libm.a(fp_rempio2.o)
 .data          0x0080009f        0x0 /usr/local/CrossPack-AVR-20130212/lib/gcc/avr/4.6.2/../../../../avr/lib/avr5/libm.a(fp_round.o)
 .data          0x0080009f        0x0 /usr/local/CrossPack-AVR-20130212/lib/gcc/avr/4.6.2/../../../../avr/lib/avr5/libm.a(fp_sinus.o)
 .data          0x0080009f        0x0 /usr/local/CrossPack-AVR-20130212/lib/gcc/avr/4.6.2/../../../../avr/lib/avr5/libm.a(fp_split3.o)
 .data          0x0080009f        0x0 /usr/local/CrossPack-AVR-20130212/lib/gcc/avr/4.6.2/../../../../avr/lib/avr5/libm.a(fp_zero.o)
 .data          0x0080009f        0x0 /usr/local/CrossPack-AVR-20130212/lib/gcc/avr/4.6.2/../../../../avr/lib/avr5/libm.a(mulsf3.o)
 .data          0x0080009f        0x0 /usr/local/CrossPack-AVR-20130212/lib/gcc/avr/4.6.2/../../../../avr/lib/avr5/libm.a(mulsf3x.o)
 .data          0x0080009f        0x0 /usr/local/CrossPack-AVR-20130212/lib/gcc/avr/4.6.2/../../../../avr/lib/avr5/libm.a(sin.o)
 .data          0x0080009f        0x0 /usr/local/CrossPack-AVR-20130212/lib/gcc/avr/4.6.2/../../../../avr/lib/avr5/libm.a(fp_mpack.o)
 .data          0x0080009f        0x0 /usr/local/CrossPack-AVR-20130212/lib/gcc/avr/4.6.2/../../../../avr/lib/avr5/libm.a(fp_powsodd.o)
 .data          0x0080009f        0x0 /usr/local/CrossPack-AVR-20130212/lib/gcc/avr/4.6.2/../../../../avr/lib/avr5/libm.a(fp_powser.o)
 .data          0x0080009f        0x0 /usr/local/CrossPack-AVR-20130212/lib/gcc/avr/4.6.2/avr5/libgcc.a(_udivmodqi4.o)
 .data          0x0080009f        0x0 /usr/local/CrossPack-AVR-20130212/lib/gcc/avr/4.6.2/avr5/libgcc.a(_divmodhi4.o)
 .data          0x0080009f        0x0 /usr/local/CrossPack-AVR-20130212/lib/gcc/avr/4.6.2/avr5/libgcc.a(_exit.o)
 .data          0x0080009f        0x0 /usr/local/CrossPack-AVR-20130212/lib/gcc/avr/4.6.2/avr5/libgcc.a(_copy_data.o)
 .data          0x0080009f        0x0 /usr/local/CrossPack-AVR-20130212/lib/gcc/avr/4.6.2/avr5/libgcc.a(_clear_bss.o)
 .data          0x0080009f        0x0 /usr/local/CrossPack-AVR-20130212/lib/gcc/avr/4.6.2/avr5/libgcc.a(_udivmodhi4.o)
 .data          0x0080009f        0x4 /usr/local/CrossPack-AVR-20130212/lib/gcc/avr/4.6.2/../../../../avr/lib/avr5/libc.a(rand.o)
 .data          0x008000a3        0x0 /usr/local/CrossPack-AVR-20130212/lib/gcc/avr/4.6.2/../../../../avr/lib/avr5/libc.a(strtok.o)
 .data          0x008000a3        0x0 /usr/local/CrossPack-AVR-20130212/lib/gcc/avr/4.6.2/../../../../avr/lib/avr5/libc.a(strtok_r.o)
 .data          0x008000a3        0x0 /usr/local/CrossPack-AVR-20130212/lib/gcc/avr/4.6.2/../../../../avr/lib/avr5/libc.a(eerd_byte_atmega32.o)
 .data          0x008000a3        0x0 /usr/local/CrossPack-AVR-20130212/lib/gcc/avr/4.6.2/avr5/libgcc.a(_mulsi3.o)
 .data          0x008000a3        0x0 /usr/local/CrossPack-AVR-20130212/lib/gcc/avr/4.6.2/avr5/libgcc.a(_divmodsi4.o)
 .data          0x008000a3        0x0 /usr/local/CrossPack-AVR-20130212/lib/gcc/avr/4.6.2/avr5/libgcc.a(_udivmodsi4.o)
 *(.data*)
 *(.rodata)
 *(.rodata*)
 *(.gnu.linkonce.d*)
                0x008000a4                . = ALIGN (0x2)
 *fill*         0x008000a3        0x1 00
                0x008000a4                _edata = .
                0x008000a4                PROVIDE (__data_end, .)

.bss            0x008000a4      0x1e9
                0x008000a4                PROVIDE (__bss_start, .)
 *(.bss)
 .bss           0x008000a4        0x0 /usr/local/CrossPack-AVR-20130212/lib/gcc/avr/4.6.2/../../../../avr/lib/avr5/crtm32.o
 .bss           0x008000a4        0x0 main.o
 .bss           0x008000a4        0x1 command_line.o
                0x008000a4                current_pos
 .bss           0x008000a5        0x0 debug.o
 .bss           0x008000a5        0x0 draw.o
 .bss           0x008000a5        0x0 effect.o
 .bss           0x008000a5        0x0 font.o
 .bss           0x008000a5        0x0 gameoflife.o
 .bss           0x008000a5        0x0 launch_effect.o
 .bss           0x008000a5        0x0 music.o
 .bss           0x008000a5        0x0 uart.o
 .bss           0x008000a5        0x1 util.o
 .bss           0x008000a6        0x0 /usr/local/CrossPack-AVR-20130212/lib/gcc/avr/4.6.2/../../../../avr/lib/avr5/libm.a(addsf3.o)
 .bss           0x008000a6        0x0 /usr/local/CrossPack-AVR-20130212/lib/gcc/avr/4.6.2/../../../../avr/lib/avr5/libm.a(addsf3x.o)
 .bss           0x008000a6        0x0 /usr/local/CrossPack-AVR-20130212/lib/gcc/avr/4.6.2/../../../../avr/lib/avr5/libm.a(cos.o)
 .bss           0x008000a6        0x0 /usr/local/CrossPack-AVR-20130212/lib/gcc/avr/4.6.2/../../../../avr/lib/avr5/libm.a(divsf3.o)
 .bss           0x008000a6        0x0 /usr/local/CrossPack-AVR-20130212/lib/gcc/avr/4.6.2/../../../../avr/lib/avr5/libm.a(divsf3x.o)
 .bss           0x008000a6        0x0 /usr/local/CrossPack-AVR-20130212/lib/gcc/avr/4.6.2/../../../../avr/lib/avr5/libm.a(fixsfsi.o)
 .bss           0x008000a6        0x0 /usr/local/CrossPack-AVR-20130212/lib/gcc/avr/4.6.2/../../../../avr/lib/avr5/libm.a(fixunssfsi.o)
 .bss           0x008000a6        0x0 /usr/local/CrossPack-AVR-20130212/lib/gcc/avr/4.6.2/../../../../avr/lib/avr5/libm.a(floatsisf.o)
 .bss           0x008000a6        0x0 /usr/local/CrossPack-AVR-20130212/lib/gcc/avr/4.6.2/../../../../avr/lib/avr5/libm.a(fp_inf.o)
 .bss           0x008000a6        0x0 /usr/local/CrossPack-AVR-20130212/lib/gcc/avr/4.6.2/../../../../avr/lib/avr5/libm.a(fp_nan.o)
 .bss           0x008000a6        0x0 /usr/local/CrossPack-AVR-20130212/lib/gcc/avr/4.6.2/../../../../avr/lib/avr5/libm.a(fp_pscA.o)
 .bss           0x008000a6        0x0 /usr/local/CrossPack-AVR-20130212/lib/gcc/avr/4.6.2/../../../../avr/lib/avr5/libm.a(fp_pscB.o)
 .bss           0x008000a6        0x0 /usr/local/CrossPack-AVR-20130212/lib/gcc/avr/4.6.2/../../../../avr/lib/avr5/libm.a(fp_rempio2.o)
 .bss           0x008000a6        0x0 /usr/local/CrossPack-AVR-20130212/lib/gcc/avr/4.6.2/../../../../avr/lib/avr5/libm.a(fp_round.o)
 .bss           0x008000a6        0x0 /usr/local/CrossPack-AVR-20130212/lib/gcc/avr/4.6.2/../../../../avr/lib/avr5/libm.a(fp_sinus.o)
 .bss           0x008000a6        0x0 /usr/local/CrossPack-AVR-20130212/lib/gcc/avr/4.6.2/../../../../avr/lib/avr5/libm.a(fp_split3.o)
 .bss           0x008000a6        0x0 /usr/local/CrossPack-AVR-20130212/lib/gcc/avr/4.6.2/../../../../avr/lib/avr5/libm.a(fp_zero.o)
 .bss           0x008000a6        0x0 /usr/local/CrossPack-AVR-20130212/lib/gcc/avr/4.6.2/../../../../avr/lib/avr5/libm.a(mulsf3.o)
 .bss           0x008000a6        0x0 /usr/local/CrossPack-AVR-20130212/lib/gcc/avr/4.6.2/../../../../avr/lib/avr5/libm.a(mulsf3x.o)
 .bss           0x008000a6        0x0 /usr/local/CrossPack-AVR-20130212/lib/gcc/avr/4.6.2/../../../../avr/lib/avr5/libm.a(sin.o)
 .bss           0x008000a6        0x0 /usr/local/CrossPack-AVR-20130212/lib/gcc/avr/4.6.2/../../../../avr/lib/avr5/libm.a(fp_mpack.o)
 .bss           0x008000a6        0x0 /usr/local/CrossPack-AVR-20130212/lib/gcc/avr/4.6.2/../../../../avr/lib/avr5/libm.a(fp_powsodd.o)
 .bss           0x008000a6        0x0 /usr/local/CrossPack-AVR-20130212/lib/gcc/avr/4.6.2/../../../../avr/lib/avr5/libm.a(fp_powser.o)
 .bss           0x008000a6        0x0 /usr/local/CrossPack-AVR-20130212/lib/gcc/avr/4.6.2/avr5/libgcc.a(_udivmodqi4.o)
 .bss           0x008000a6        0x0 /usr/local/CrossPack-AVR-20130212/lib/gcc/avr/4.6.2/avr5/libgcc.a(_divmodhi4.o)
 .bss           0x008000a6        0x0 /usr/local/CrossPack-AVR-20130212/lib/gcc/avr/4.6.2/avr5/libgcc.a(_exit.o)
 .bss           0x008000a6        0x0 /usr/local/CrossPack-AVR-20130212/lib/gcc/avr/4.6.2/avr5/libgcc.a(_copy_data.o)
 .bss           0x008000a6        0x0 /usr/local/CrossPack-AVR-20130212/lib/gcc/avr/4.6.2/avr5/libgcc.a(_clear_bss.o)
 .bss           0x008000a6        0x0 /usr/local/CrossPack-AVR-20130212/lib/gcc/avr/4.6.2/avr5/libgcc.a(_udivmodhi4.o)
 .bss           0x008000a6        0x0 /usr/local/CrossPack-AVR-20130212/lib/gcc/avr/4.6.2/../../../../avr/lib/avr5/libc.a(rand.o)
 .bss           0x008000a6        0x2 /usr/local/CrossPack-AVR-20130212/lib/gcc/avr/4.6.2/../../../../avr/lib/avr5/libc.a(strtok.o)
 .bss           0x008000a8        0x0 /usr/local/CrossPack-AVR-20130212/lib/gcc/avr/4.6.2/../../../../avr/lib/avr5/libc.a(strtok_r.o)
 .bss           0x008000a8        0x0 /usr/local/CrossPack-AVR-20130212/lib/gcc/avr/4.6.2/../../../../avr/lib/avr5/libc.a(eerd_byte_atmega32.o)
 .bss           0x008000a8        0x0 /usr/local/CrossPack-AVR-20130212/lib/gcc/avr/4.6.2/avr5/libgcc.a(_mulsi3.o)
 .bss           0x008000a8        0x0 /usr/local/CrossPack-AVR-20130212/lib/gcc/avr/4.6.2/avr5/libgcc.a(_divmodsi4.o)
 .bss           0x008000a8        0x0 /usr/local/CrossPack-AVR-20130212/lib/gcc/avr/4.6.2/avr5/libgcc.a(_udivmodsi4.o)
 *(.bss*)
 *(COMMON)
 COMMON         0x008000a8       0x83 main.o
                0x008000a8                current_mode
                0x008000a9                fb
                0x008000e9                cube
                0x00800129                current_layer
                0x0080012a                binary_mode
 COMMON         0x0080012b       0x40 command_line.o
                0x0080012b                data
 COMMON         0x0080016b        0x4 debug.o
                0x0080016b                debug_mode_counter
                0x0080016c                debug_mode
                0x0080016d                debug_active
                0x0080016e                last_debug_mode
 COMMON         0x0080016f      0x119 uart.o
                0x0080016f                m_Echo
                0x00800170                TXFifo
                0x008001fc                RXFifo
 COMMON         0x00800288        0x5 util.o
                0x00800288                m_timer_ms
                0x0080028a                m_override_delay
                0x0080028b                m_current_delay
                0x0080028d                PROVIDE (__bss_end, .)
                0x00004cc2                __data_load_start = LOADADDR (.data)
                0x00004d06                __data_load_end = (__data_load_start + SIZEOF (.data))

.noinit         0x0080028d        0x0
                0x0080028d                PROVIDE (__noinit_start, .)
 *(.noinit*)
                0x0080028d                PROVIDE (__noinit_end, .)
                0x0080028d                _end = .
                0x0080028d                PROVIDE (__heap_start, .)

.eeprom         0x00810000      0x1f9
 *(.eeprom*)
 .eeprom        0x00810000        0x2 main.o
                0x00810000                RandomSeed_ptr
 .eeprom        0x00810002      0x1f7 font.o
                0x00810002                bitmaps
                0x00810032                font
                0x008101f9                __eeprom_end = .

.fuse
 *(.fuse)
 *(.lfuse)
 *(.hfuse)
 *(.efuse)

.lock
 *(.lock*)

.signature
 *(.signature*)

.stab           0x00000000     0x2bb0
 *(.stab)
 .stab          0x00000000      0x6cc /usr/local/CrossPack-AVR-20130212/lib/gcc/avr/4.6.2/../../../../avr/lib/avr5/crtm32.o
 .stab          0x000006cc       0x78 /usr/local/CrossPack-AVR-20130212/lib/gcc/avr/4.6.2/../../../../avr/lib/avr5/libm.a(addsf3.o)
                                 0x84 (size before relaxing)
 .stab          0x00000744      0x4bc /usr/local/CrossPack-AVR-20130212/lib/gcc/avr/4.6.2/../../../../avr/lib/avr5/libm.a(addsf3x.o)
                                0x4c8 (size before relaxing)
 .stab          0x00000c00       0x54 /usr/local/CrossPack-AVR-20130212/lib/gcc/avr/4.6.2/../../../../avr/lib/avr5/libm.a(cos.o)
                                 0x60 (size before relaxing)
 .stab          0x00000c54       0x48 /usr/local/CrossPack-AVR-20130212/lib/gcc/avr/4.6.2/../../../../avr/lib/avr5/libm.a(divsf3.o)
                                 0x54 (size before relaxing)
 .stab          0x00000c9c      0x510 /usr/local/CrossPack-AVR-20130212/lib/gcc/avr/4.6.2/../../../../avr/lib/avr5/libm.a(divsf3x.o)
                                0x51c (size before relaxing)
 .stab          0x000011ac       0x6c /usr/local/CrossPack-AVR-20130212/lib/gcc/avr/4.6.2/../../../../avr/lib/avr5/libm.a(fixsfsi.o)
                                 0x78 (size before relaxing)
 .stab          0x00001218      0x240 /usr/local/CrossPack-AVR-20130212/lib/gcc/avr/4.6.2/../../../../avr/lib/avr5/libm.a(fixunssfsi.o)
                                0x24c (size before relaxing)
 .stab          0x00001458      0x318 /usr/local/CrossPack-AVR-20130212/lib/gcc/avr/4.6.2/../../../../avr/lib/avr5/libm.a(floatsisf.o)
                                0x324 (size before relaxing)
 .stab          0x00001770       0x78 /usr/local/CrossPack-AVR-20130212/lib/gcc/avr/4.6.2/../../../../avr/lib/avr5/libm.a(fp_inf.o)
                                 0x84 (size before relaxing)
 .stab          0x000017e8       0x54 /usr/local/CrossPack-AVR-20130212/lib/gcc/avr/4.6.2/../../../../avr/lib/avr5/libm.a(fp_nan.o)
                                 0x60 (size before relaxing)
 .stab          0x0000183c       0x84 /usr/local/CrossPack-AVR-20130212/lib/gcc/avr/4.6.2/../../../../avr/lib/avr5/libm.a(fp_pscA.o)
                                 0x90 (size before relaxing)
 .stab          0x000018c0       0x84 /usr/local/CrossPack-AVR-20130212/lib/gcc/avr/4.6.2/../../../../avr/lib/avr5/libm.a(fp_pscB.o)
                                 0x90 (size before relaxing)
 .stab          0x00001944      0x21c /usr/local/CrossPack-AVR-20130212/lib/gcc/avr/4.6.2/../../../../avr/lib/avr5/libm.a(fp_rempio2.o)
                                0x228 (size before relaxing)
 .stab          0x00001b60       0xfc /usr/local/CrossPack-AVR-20130212/lib/gcc/avr/4.6.2/../../../../avr/lib/avr5/libm.a(fp_round.o)
                                0x108 (size before relaxing)
 .stab          0x00001c5c       0xfc /usr/local/CrossPack-AVR-20130212/lib/gcc/avr/4.6.2/../../../../avr/lib/avr5/libm.a(fp_sinus.o)
                                0x108 (size before relaxing)
 .stab          0x00001d58      0x1d4 /usr/local/CrossPack-AVR-20130212/lib/gcc/avr/4.6.2/../../../../avr/lib/avr5/libm.a(fp_split3.o)
                                0x1e0 (size before relaxing)
 .stab          0x00001f2c       0x90 /usr/local/CrossPack-AVR-20130212/lib/gcc/avr/4.6.2/../../../../avr/lib/avr5/libm.a(fp_zero.o)
                                 0x9c (size before relaxing)
 .stab          0x00001fbc       0x48 /usr/local/CrossPack-AVR-20130212/lib/gcc/avr/4.6.2/../../../../avr/lib/avr5/libm.a(mulsf3.o)
                                 0x54 (size before relaxing)
 .stab          0x00002004      0x4d4 /usr/local/CrossPack-AVR-20130212/lib/gcc/avr/4.6.2/../../../../avr/lib/avr5/libm.a(mulsf3x.o)
                                0x4e0 (size before relaxing)
 .stab          0x000024d8       0x78 /usr/local/CrossPack-AVR-20130212/lib/gcc/avr/4.6.2/../../../../avr/lib/avr5/libm.a(sin.o)
                                 0x84 (size before relaxing)
 .stab          0x00002550       0xe4 /usr/local/CrossPack-AVR-20130212/lib/gcc/avr/4.6.2/../../../../avr/lib/avr5/libm.a(fp_mpack.o)
                                 0xf0 (size before relaxing)
 .stab          0x00002634       0xfc /usr/local/CrossPack-AVR-20130212/lib/gcc/avr/4.6.2/../../../../avr/lib/avr5/libm.a(fp_powsodd.o)
                                0x108 (size before relaxing)
 .stab          0x00002730      0x1ec /usr/local/CrossPack-AVR-20130212/lib/gcc/avr/4.6.2/../../../../avr/lib/avr5/libm.a(fp_powser.o)
                                0x1f8 (size before relaxing)
 .stab          0x0000291c      0x204 /usr/local/CrossPack-AVR-20130212/lib/gcc/avr/4.6.2/../../../../avr/lib/avr5/libc.a(strtok_r.o)
                                0x210 (size before relaxing)
 .stab          0x00002b20       0x90 /usr/local/CrossPack-AVR-20130212/lib/gcc/avr/4.6.2/../../../../avr/lib/avr5/libc.a(eerd_byte_atmega32.o)
                                 0x9c (size before relaxing)

.stabstr        0x00000000      0x96c
 *(.stabstr)
 .stabstr       0x00000000      0x96c /usr/local/CrossPack-AVR-20130212/lib/gcc/avr/4.6.2/../../../../avr/lib/avr5/crtm32.o

.stab.excl
 *(.stab.excl)

.stab.exclstr
 *(.stab.exclstr)

.stab.index
 *(.stab.index)

.stab.indexstr
 *(.stab.indexstr)

.comment
 *(.comment)

.debug
 *(.debug)

.line
 *(.line)

.debug_srcinfo
 *(.debug_srcinfo)

.debug_sfnames
 *(.debug_sfnames)

.debug_aranges  0x00000000      0x2e0
 *(.debug_aranges)
 .debug_aranges
                0x00000000       0x28 main.o
 .debug_aranges
                0x00000028       0x20 command_line.o
 .debug_aranges
                0x00000048       0x20 debug.o
 .debug_aranges
                0x00000068       0x20 draw.o
 .debug_aranges
                0x00000088       0x20 effect.o
 .debug_aranges
                0x000000a8       0x20 font.o
 .debug_aranges
                0x000000c8       0x20 gameoflife.o
 .debug_aranges
                0x000000e8       0x20 launch_effect.o
 .debug_aranges
                0x00000108       0x20 music.o
 .debug_aranges
                0x00000128       0x20 uart.o
 .debug_aranges
                0x00000148       0x20 util.o
 .debug_aranges
                0x00000168       0x20 /usr/local/CrossPack-AVR-20130212/lib/gcc/avr/4.6.2/avr5/libgcc.a(_udivmodqi4.o)
 .debug_aranges
                0x00000188       0x20 /usr/local/CrossPack-AVR-20130212/lib/gcc/avr/4.6.2/avr5/libgcc.a(_divmodhi4.o)
 .debug_aranges
                0x000001a8       0x20 /usr/local/CrossPack-AVR-20130212/lib/gcc/avr/4.6.2/avr5/libgcc.a(_exit.o)
 .debug_aranges
                0x000001c8       0x20 /usr/local/CrossPack-AVR-20130212/lib/gcc/avr/4.6.2/avr5/libgcc.a(_copy_data.o)
 .debug_aranges
                0x000001e8       0x20 /usr/local/CrossPack-AVR-20130212/lib/gcc/avr/4.6.2/avr5/libgcc.a(_clear_bss.o)
 .debug_aranges
                0x00000208       0x20 /usr/local/CrossPack-AVR-20130212/lib/gcc/avr/4.6.2/avr5/libgcc.a(_udivmodhi4.o)
 .debug_aranges
                0x00000228       0x38 /usr/local/CrossPack-AVR-20130212/lib/gcc/avr/4.6.2/../../../../avr/lib/avr5/libc.a(rand.o)
 .debug_aranges
                0x00000260       0x20 /usr/local/CrossPack-AVR-20130212/lib/gcc/avr/4.6.2/../../../../avr/lib/avr5/libc.a(strtok.o)
 .debug_aranges
                0x00000280       0x20 /usr/local/CrossPack-AVR-20130212/lib/gcc/avr/4.6.2/avr5/libgcc.a(_mulsi3.o)
 .debug_aranges
                0x000002a0       0x20 /usr/local/CrossPack-AVR-20130212/lib/gcc/avr/4.6.2/avr5/libgcc.a(_divmodsi4.o)
 .debug_aranges
                0x000002c0       0x20 /usr/local/CrossPack-AVR-20130212/lib/gcc/avr/4.6.2/avr5/libgcc.a(_udivmodsi4.o)

.debug_pubnames
 *(.debug_pubnames)

.debug_info     0x00000000     0x3983
 *(.debug_info)
 .debug_info    0x00000000      0x2a6 main.o
 .debug_info    0x000002a6      0x155 command_line.o
 .debug_info    0x000003fb      0x1c3 debug.o
 .debug_info    0x000005be      0xc73 draw.o
 .debug_info    0x00001231      0xf7b effect.o
 .debug_info    0x000021ac      0x2b8 font.o
 .debug_info    0x00002464      0x251 gameoflife.o
 .debug_info    0x000026b5       0xe5 launch_effect.o
 .debug_info    0x0000279a      0x144 music.o
 .debug_info    0x000028de      0x4b3 uart.o
 .debug_info    0x00002d91      0x37c util.o
 .debug_info    0x0000310d       0xc0 /usr/local/CrossPack-AVR-20130212/lib/gcc/avr/4.6.2/avr5/libgcc.a(_udivmodqi4.o)
 .debug_info    0x000031cd       0xc0 /usr/local/CrossPack-AVR-20130212/lib/gcc/avr/4.6.2/avr5/libgcc.a(_divmodhi4.o)
 .debug_info    0x0000328d       0xc0 /usr/local/CrossPack-AVR-20130212/lib/gcc/avr/4.6.2/avr5/libgcc.a(_exit.o)
 .debug_info    0x0000334d       0xc0 /usr/local/CrossPack-AVR-20130212/lib/gcc/avr/4.6.2/avr5/libgcc.a(_copy_data.o)
 .debug_info    0x0000340d       0xc0 /usr/local/CrossPack-AVR-20130212/lib/gcc/avr/4.6.2/avr5/libgcc.a(_clear_bss.o)
 .debug_info    0x000034cd       0xc0 /usr/local/CrossPack-AVR-20130212/lib/gcc/avr/4.6.2/avr5/libgcc.a(_udivmodhi4.o)
 .debug_info    0x0000358d      0x124 /usr/local/CrossPack-AVR-20130212/lib/gcc/avr/4.6.2/../../../../avr/lib/avr5/libc.a(rand.o)
 .debug_info    0x000036b1       0x92 /usr/local/CrossPack-AVR-20130212/lib/gcc/avr/4.6.2/../../../../avr/lib/avr5/libc.a(strtok.o)
 .debug_info    0x00003743       0xc0 /usr/local/CrossPack-AVR-20130212/lib/gcc/avr/4.6.2/avr5/libgcc.a(_mulsi3.o)
 .debug_info    0x00003803       0xc0 /usr/local/CrossPack-AVR-20130212/lib/gcc/avr/4.6.2/avr5/libgcc.a(_divmodsi4.o)
 .debug_info    0x000038c3       0xc0 /usr/local/CrossPack-AVR-20130212/lib/gcc/avr/4.6.2/avr5/libgcc.a(_udivmodsi4.o)
 *(.gnu.linkonce.wi.*)

.debug_abbrev   0x00000000      0xf85
 *(.debug_abbrev)
 .debug_abbrev  0x00000000      0x111 main.o
 .debug_abbrev  0x00000111       0xd4 command_line.o
 .debug_abbrev  0x000001e5       0xba debug.o
 .debug_abbrev  0x0000029f      0x259 draw.o
 .debug_abbrev  0x000004f8      0x1ba effect.o
 .debug_abbrev  0x000006b2      0x126 font.o
 .debug_abbrev  0x000007d8      0x100 gameoflife.o
 .debug_abbrev  0x000008d8       0x9a launch_effect.o
 .debug_abbrev  0x00000972       0xda music.o
 .debug_abbrev  0x00000a4c      0x1b4 uart.o
 .debug_abbrev  0x00000c00      0x18b util.o
 .debug_abbrev  0x00000d8b       0x14 /usr/local/CrossPack-AVR-20130212/lib/gcc/avr/4.6.2/avr5/libgcc.a(_udivmodqi4.o)
 .debug_abbrev  0x00000d9f       0x14 /usr/local/CrossPack-AVR-20130212/lib/gcc/avr/4.6.2/avr5/libgcc.a(_divmodhi4.o)
 .debug_abbrev  0x00000db3       0x14 /usr/local/CrossPack-AVR-20130212/lib/gcc/avr/4.6.2/avr5/libgcc.a(_exit.o)
 .debug_abbrev  0x00000dc7       0x14 /usr/local/CrossPack-AVR-20130212/lib/gcc/avr/4.6.2/avr5/libgcc.a(_copy_data.o)
 .debug_abbrev  0x00000ddb       0x14 /usr/local/CrossPack-AVR-20130212/lib/gcc/avr/4.6.2/avr5/libgcc.a(_clear_bss.o)
 .debug_abbrev  0x00000def       0x14 /usr/local/CrossPack-AVR-20130212/lib/gcc/avr/4.6.2/avr5/libgcc.a(_udivmodhi4.o)
 .debug_abbrev  0x00000e03       0xcf /usr/local/CrossPack-AVR-20130212/lib/gcc/avr/4.6.2/../../../../avr/lib/avr5/libc.a(rand.o)
 .debug_abbrev  0x00000ed2       0x77 /usr/local/CrossPack-AVR-20130212/lib/gcc/avr/4.6.2/../../../../avr/lib/avr5/libc.a(strtok.o)
 .debug_abbrev  0x00000f49       0x14 /usr/local/CrossPack-AVR-20130212/lib/gcc/avr/4.6.2/avr5/libgcc.a(_mulsi3.o)
 .debug_abbrev  0x00000f5d       0x14 /usr/local/CrossPack-AVR-20130212/lib/gcc/avr/4.6.2/avr5/libgcc.a(_divmodsi4.o)
 .debug_abbrev  0x00000f71       0x14 /usr/local/CrossPack-AVR-20130212/lib/gcc/avr/4.6.2/avr5/libgcc.a(_udivmodsi4.o)

.debug_line     0x00000000     0x1841
 *(.debug_line)
 .debug_line    0x00000000      0x17b main.o
 .debug_line    0x0000017b       0xaa command_line.o
 .debug_line    0x00000225       0xa6 debug.o
 .debug_line    0x000002cb      0x2a9 draw.o
 .debug_line    0x00000574      0x818 effect.o
 .debug_line    0x00000d8c       0xce font.o
 .debug_line    0x00000e5a      0x128 gameoflife.o
 .debug_line    0x00000f82       0xcc launch_effect.o
 .debug_line    0x0000104e       0x76 music.o
 .debug_line    0x000010c4      0x1ac uart.o
 .debug_line    0x00001270      0x15a util.o
 .debug_line    0x000013ca       0x66 /usr/local/CrossPack-AVR-20130212/lib/gcc/avr/4.6.2/avr5/libgcc.a(_udivmodqi4.o)
 .debug_line    0x00001430       0x6d /usr/local/CrossPack-AVR-20130212/lib/gcc/avr/4.6.2/avr5/libgcc.a(_divmodhi4.o)
 .debug_line    0x0000149d       0x5c /usr/local/CrossPack-AVR-20130212/lib/gcc/avr/4.6.2/avr5/libgcc.a(_exit.o)
 .debug_line    0x000014f9       0x65 /usr/local/CrossPack-AVR-20130212/lib/gcc/avr/4.6.2/avr5/libgcc.a(_copy_data.o)
 .debug_line    0x0000155e       0x62 /usr/local/CrossPack-AVR-20130212/lib/gcc/avr/4.6.2/avr5/libgcc.a(_clear_bss.o)
 .debug_line    0x000015c0       0x6e /usr/local/CrossPack-AVR-20130212/lib/gcc/avr/4.6.2/avr5/libgcc.a(_udivmodhi4.o)
 .debug_line    0x0000162e       0x5d /usr/local/CrossPack-AVR-20130212/lib/gcc/avr/4.6.2/../../../../avr/lib/avr5/libc.a(rand.o)
 .debug_line    0x0000168b       0x4c /usr/local/CrossPack-AVR-20130212/lib/gcc/avr/4.6.2/../../../../avr/lib/avr5/libc.a(strtok.o)
 .debug_line    0x000016d7       0x79 /usr/local/CrossPack-AVR-20130212/lib/gcc/avr/4.6.2/avr5/libgcc.a(_mulsi3.o)
 .debug_line    0x00001750       0x75 /usr/local/CrossPack-AVR-20130212/lib/gcc/avr/4.6.2/avr5/libgcc.a(_divmodsi4.o)
 .debug_line    0x000017c5       0x7c /usr/local/CrossPack-AVR-20130212/lib/gcc/avr/4.6.2/avr5/libgcc.a(_udivmodsi4.o)

.debug_frame    0x00000000     0x1908
 *(.debug_frame)
 .debug_frame   0x00000000      0x164 main.o
 .debug_frame   0x00000164       0x48 command_line.o
 .debug_frame   0x000001ac       0x74 debug.o
 .debug_frame   0x00000220      0x570 draw.o
 .debug_frame   0x00000790      0xabc effect.o
 .debug_frame   0x0000124c       0xb8 font.o
 .debug_frame   0x00001304      0x118 gameoflife.o
 .debug_frame   0x0000141c       0x54 launch_effect.o
 .debug_frame   0x00001470       0xa8 music.o
 .debug_frame   0x00001518      0x254 uart.o
 .debug_frame   0x0000176c       0xf0 util.o
 .debug_frame   0x0000185c       0x88 /usr/local/CrossPack-AVR-20130212/lib/gcc/avr/4.6.2/../../../../avr/lib/avr5/libc.a(rand.o)
 .debug_frame   0x000018e4       0x24 /usr/local/CrossPack-AVR-20130212/lib/gcc/avr/4.6.2/../../../../avr/lib/avr5/libc.a(strtok.o)

.debug_str      0x00000000      0xa23
 *(.debug_str)
 .debug_str     0x00000000      0x11c main.o
                                0x15a (size before relaxing)
 .debug_str     0x0000011c       0x55 command_line.o
                                 0xfa (size before relaxing)
 .debug_str     0x00000171       0x9a debug.o
                                0x14f (size before relaxing)
 .debug_str     0x0000020b      0x13d draw.o
                                0x20c (size before relaxing)
 .debug_str     0x00000348      0x307 effect.o
                                0x416 (size before relaxing)
 .debug_str     0x0000064f       0x7c font.o
                                0x13d (size before relaxing)
 .debug_str     0x000006cb       0x4e gameoflife.o
                                0x105 (size before relaxing)
 .debug_str     0x00000719       0x1e launch_effect.o
                                 0xc2 (size before relaxing)
 .debug_str     0x00000737       0x3c music.o
                                 0xe5 (size before relaxing)
 .debug_str     0x00000773       0xfb uart.o
                                0x1d7 (size before relaxing)
 .debug_str     0x0000086e       0xf3 util.o
                                0x1f7 (size before relaxing)
 .debug_str     0x00000961       0x97 /usr/local/CrossPack-AVR-20130212/lib/gcc/avr/4.6.2/../../../../avr/lib/avr5/libc.a(rand.o)
                                 0xd0 (size before relaxing)
 .debug_str     0x000009f8       0x2b /usr/local/CrossPack-AVR-20130212/lib/gcc/avr/4.6.2/../../../../avr/lib/avr5/libc.a(strtok.o)
                                 0xa5 (size before relaxing)

.debug_loc      0x00000000     0x6eb0
 *(.debug_loc)
 .debug_loc     0x00000000      0x43b main.o
 .debug_loc     0x0000043b       0x48 command_line.o
 .debug_loc     0x00000483       0x43 debug.o
 .debug_loc     0x000004c6     0x1fa3 draw.o
 .debug_loc     0x00002469     0x354e effect.o
 .debug_loc     0x000059b7      0x2a3 font.o
 .debug_loc     0x00005c5a      0x59d gameoflife.o
 .debug_loc     0x000061f7       0xed launch_effect.o
 .debug_loc     0x000062e4      0x160 music.o
 .debug_loc     0x00006444      0x6b5 uart.o
 .debug_loc     0x00006af9      0x220 util.o
 .debug_loc     0x00006d19      0x167 /usr/local/CrossPack-AVR-20130212/lib/gcc/avr/4.6.2/../../../../avr/lib/avr5/libc.a(rand.o)
 .debug_loc     0x00006e80       0x30 /usr/local/CrossPack-AVR-20130212/lib/gcc/avr/4.6.2/../../../../avr/lib/avr5/libc.a(strtok.o)

.debug_macinfo
 *(.debug_macinfo)
OUTPUT(main.elf elf32-avr)
LOAD linker stubs

.debug_ranges   0x00000000       0x98
 .debug_ranges  0x00000000       0x18 main.o
 .debug_ranges  0x00000018       0x48 util.o
 .debug_ranges  0x00000060       0x28 /usr/local/CrossPack-AVR-20130212/lib/gcc/avr/4.6.2/../../../../avr/lib/avr5/libc.a(rand.o)
 .debug_ranges  0x00000088       0x10 /usr/local/CrossPack-AVR-20130212/lib/gcc/avr/4.6.2/../../../../avr/lib/avr5/libc.a(strtok.o)

Cross Reference Table

Symbol                                            File
ADC_Read                                          util.o
                                                  main.o
DebounceKey                                       util.o
                                                  main.o
EQ_Read                                           util.o
                                                  music.o
GetChar                                           util.o
                                                  effect.o
HasChars                                          uart.o
                                                  command_line.o
                                                  main.o
RXFifo                                            uart.o
RandomSeed_ptr                                    main.o
SelfTest                                          main.o
SetEcho                                           uart.o
TXFifo                                            uart.o
__addsf3                                          /usr/local/CrossPack-AVR-20130212/lib/gcc/avr/4.6.2/../../../../avr/lib/avr5/libm.a(addsf3.o)
                                                  effect.o
                                                  draw.o
__addsf3x                                         /usr/local/CrossPack-AVR-20130212/lib/gcc/avr/4.6.2/../../../../avr/lib/avr5/libm.a(addsf3x.o)
                                                  /usr/local/CrossPack-AVR-20130212/lib/gcc/avr/4.6.2/../../../../avr/lib/avr5/libm.a(fp_powser.o)
                                                  /usr/local/CrossPack-AVR-20130212/lib/gcc/avr/4.6.2/../../../../avr/lib/avr5/libm.a(fp_sinus.o)
                                                  /usr/local/CrossPack-AVR-20130212/lib/gcc/avr/4.6.2/../../../../avr/lib/avr5/libm.a(addsf3.o)
__bad_interrupt                                   /usr/local/CrossPack-AVR-20130212/lib/gcc/avr/4.6.2/../../../../avr/lib/avr5/crtm32.o
__bss_end                                         /usr/local/CrossPack-AVR-20130212/lib/gcc/avr/4.6.2/avr5/libgcc.a(_clear_bss.o)
__bss_start                                       /usr/local/CrossPack-AVR-20130212/lib/gcc/avr/4.6.2/avr5/libgcc.a(_clear_bss.o)
__data_end                                        /usr/local/CrossPack-AVR-20130212/lib/gcc/avr/4.6.2/avr5/libgcc.a(_copy_data.o)
__data_load_start                                 /usr/local/CrossPack-AVR-20130212/lib/gcc/avr/4.6.2/avr5/libgcc.a(_copy_data.o)
__data_start                                      /usr/local/CrossPack-AVR-20130212/lib/gcc/avr/4.6.2/avr5/libgcc.a(_copy_data.o)
__divmodhi4                                       /usr/local/CrossPack-AVR-20130212/lib/gcc/avr/4.6.2/avr5/libgcc.a(_divmodhi4.o)
                                                  launch_effect.o
                                                  gameoflife.o
                                                  effect.o
                                                  main.o
__divmodsi4                                       /usr/local/CrossPack-AVR-20130212/lib/gcc/avr/4.6.2/avr5/libgcc.a(_divmodsi4.o)
                                                  /usr/local/CrossPack-AVR-20130212/lib/gcc/avr/4.6.2/../../../../avr/lib/avr5/libc.a(rand.o)
__divsf3                                          /usr/local/CrossPack-AVR-20130212/lib/gcc/avr/4.6.2/../../../../avr/lib/avr5/libm.a(divsf3.o)
                                                  draw.o
__divsf3_pse                                      /usr/local/CrossPack-AVR-20130212/lib/gcc/avr/4.6.2/../../../../avr/lib/avr5/libm.a(divsf3x.o)
__divsf3x                                         /usr/local/CrossPack-AVR-20130212/lib/gcc/avr/4.6.2/../../../../avr/lib/avr5/libm.a(divsf3x.o)
                                                  /usr/local/CrossPack-AVR-20130212/lib/gcc/avr/4.6.2/../../../../avr/lib/avr5/libm.a(divsf3.o)
__do_clear_bss                                    /usr/local/CrossPack-AVR-20130212/lib/gcc/avr/4.6.2/avr5/libgcc.a(_clear_bss.o)
                                                  /usr/local/CrossPack-AVR-20130212/lib/gcc/avr/4.6.2/../../../../avr/lib/avr5/libc.a(strtok.o)
                                                  /usr/local/CrossPack-AVR-20130212/lib/gcc/avr/4.6.2/../../../../avr/lib/avr5/libc.a(rand.o)
                                                  util.o
                                                  uart.o
                                                  music.o
                                                  launch_effect.o
                                                  gameoflife.o
                                                  font.o
                                                  effect.o
                                                  draw.o
                                                  debug.o
                                                  command_line.o
                                                  main.o
__do_copy_data                                    /usr/local/CrossPack-AVR-20130212/lib/gcc/avr/4.6.2/avr5/libgcc.a(_copy_data.o)
                                                  /usr/local/CrossPack-AVR-20130212/lib/gcc/avr/4.6.2/../../../../avr/lib/avr5/libc.a(strtok.o)
                                                  /usr/local/CrossPack-AVR-20130212/lib/gcc/avr/4.6.2/../../../../avr/lib/avr5/libc.a(rand.o)
                                                  util.o
                                                  uart.o
                                                  music.o
                                                  launch_effect.o
                                                  gameoflife.o
                                                  font.o
                                                  effect.o
                                                  draw.o
                                                  debug.o
                                                  command_line.o
                                                  main.o
__eerd_byte_m32                                   /usr/local/CrossPack-AVR-20130212/lib/gcc/avr/4.6.2/../../../../avr/lib/avr5/libc.a(eerd_byte_atmega32.o)
                                                  font.o
__fixsfsi                                         /usr/local/CrossPack-AVR-20130212/lib/gcc/avr/4.6.2/../../../../avr/lib/avr5/libm.a(fixsfsi.o)
                                                  effect.o
__fixunssfsi                                      /usr/local/CrossPack-AVR-20130212/lib/gcc/avr/4.6.2/../../../../avr/lib/avr5/libm.a(fixunssfsi.o)
                                                  /usr/local/CrossPack-AVR-20130212/lib/gcc/avr/4.6.2/../../../../avr/lib/avr5/libm.a(fixsfsi.o)
                                                  draw.o
__floatsisf                                       /usr/local/CrossPack-AVR-20130212/lib/gcc/avr/4.6.2/../../../../avr/lib/avr5/libm.a(floatsisf.o)
                                                  effect.o
                                                  draw.o
__floatunsisf                                     /usr/local/CrossPack-AVR-20130212/lib/gcc/avr/4.6.2/../../../../avr/lib/avr5/libm.a(floatsisf.o)
__fp_inf                                          /usr/local/CrossPack-AVR-20130212/lib/gcc/avr/4.6.2/../../../../avr/lib/avr5/libm.a(fp_inf.o)
                                                  /usr/local/CrossPack-AVR-20130212/lib/gcc/avr/4.6.2/../../../../avr/lib/avr5/libm.a(mulsf3x.o)
                                                  /usr/local/CrossPack-AVR-20130212/lib/gcc/avr/4.6.2/../../../../avr/lib/avr5/libm.a(divsf3x.o)
                                                  /usr/local/CrossPack-AVR-20130212/lib/gcc/avr/4.6.2/../../../../avr/lib/avr5/libm.a(addsf3x.o)
__fp_mpack                                        /usr/local/CrossPack-AVR-20130212/lib/gcc/avr/4.6.2/../../../../avr/lib/avr5/libm.a(fp_mpack.o)
__fp_mpack_finite                                 /usr/local/CrossPack-AVR-20130212/lib/gcc/avr/4.6.2/../../../../avr/lib/avr5/libm.a(fp_mpack.o)
                                                  /usr/local/CrossPack-AVR-20130212/lib/gcc/avr/4.6.2/../../../../avr/lib/avr5/libm.a(fp_rempio2.o)
__fp_nan                                          /usr/local/CrossPack-AVR-20130212/lib/gcc/avr/4.6.2/../../../../avr/lib/avr5/libm.a(fp_nan.o)
                                                  /usr/local/CrossPack-AVR-20130212/lib/gcc/avr/4.6.2/../../../../avr/lib/avr5/libm.a(mulsf3x.o)
                                                  /usr/local/CrossPack-AVR-20130212/lib/gcc/avr/4.6.2/../../../../avr/lib/avr5/libm.a(fp_rempio2.o)
                                                  /usr/local/CrossPack-AVR-20130212/lib/gcc/avr/4.6.2/../../../../avr/lib/avr5/libm.a(divsf3x.o)
                                                  /usr/local/CrossPack-AVR-20130212/lib/gcc/avr/4.6.2/../../../../avr/lib/avr5/libm.a(addsf3x.o)
__fp_powser                                       /usr/local/CrossPack-AVR-20130212/lib/gcc/avr/4.6.2/../../../../avr/lib/avr5/libm.a(fp_powser.o)
                                                  /usr/local/CrossPack-AVR-20130212/lib/gcc/avr/4.6.2/../../../../avr/lib/avr5/libm.a(fp_powsodd.o)
__fp_powsodd                                      /usr/local/CrossPack-AVR-20130212/lib/gcc/avr/4.6.2/../../../../avr/lib/avr5/libm.a(fp_powsodd.o)
                                                  /usr/local/CrossPack-AVR-20130212/lib/gcc/avr/4.6.2/../../../../avr/lib/avr5/libm.a(fp_sinus.o)
__fp_pscA                                         /usr/local/CrossPack-AVR-20130212/lib/gcc/avr/4.6.2/../../../../avr/lib/avr5/libm.a(fp_pscA.o)
                                                  /usr/local/CrossPack-AVR-20130212/lib/gcc/avr/4.6.2/../../../../avr/lib/avr5/libm.a(mulsf3x.o)
                                                  /usr/local/CrossPack-AVR-20130212/lib/gcc/avr/4.6.2/../../../../avr/lib/avr5/libm.a(divsf3x.o)
                                                  /usr/local/CrossPack-AVR-20130212/lib/gcc/avr/4.6.2/../../../../avr/lib/avr5/libm.a(addsf3x.o)
__fp_pscB                                         /usr/local/CrossPack-AVR-20130212/lib/gcc/avr/4.6.2/../../../../avr/lib/avr5/libm.a(fp_pscB.o)
                                                  /usr/local/CrossPack-AVR-20130212/lib/gcc/avr/4.6.2/../../../../avr/lib/avr5/libm.a(mulsf3x.o)
                                                  /usr/local/CrossPack-AVR-20130212/lib/gcc/avr/4.6.2/../../../../avr/lib/avr5/libm.a(divsf3x.o)
                                                  /usr/local/CrossPack-AVR-20130212/lib/gcc/avr/4.6.2/../../../../avr/lib/avr5/libm.a(addsf3x.o)
__fp_rempio2                                      /usr/local/CrossPack-AVR-20130212/lib/gcc/avr/4.6.2/../../../../avr/lib/avr5/libm.a(fp_rempio2.o)
                                                  /usr/local/CrossPack-AVR-20130212/lib/gcc/avr/4.6.2/../../../../avr/lib/avr5/libm.a(sin.o)
                                                  /usr/local/CrossPack-AVR-20130212/lib/gcc/avr/4.6.2/../../../../avr/lib/avr5/libm.a(cos.o)
__fp_round                                        /usr/local/CrossPack-AVR-20130212/lib/gcc/avr/4.6.2/../../../../avr/lib/avr5/libm.a(fp_round.o)
                                                  /usr/local/CrossPack-AVR-20130212/lib/gcc/avr/4.6.2/../../../../avr/lib/avr5/libm.a(mulsf3.o)
                                                  /usr/local/CrossPack-AVR-20130212/lib/gcc/avr/4.6.2/../../../../avr/lib/avr5/libm.a(fp_sinus.o)
                                                  /usr/local/CrossPack-AVR-20130212/lib/gcc/avr/4.6.2/../../../../avr/lib/avr5/libm.a(divsf3.o)
                                                  /usr/local/CrossPack-AVR-20130212/lib/gcc/avr/4.6.2/../../../../avr/lib/avr5/libm.a(addsf3.o)
__fp_sinus                                        /usr/local/CrossPack-AVR-20130212/lib/gcc/avr/4.6.2/../../../../avr/lib/avr5/libm.a(fp_sinus.o)
                                                  /usr/local/CrossPack-AVR-20130212/lib/gcc/avr/4.6.2/../../../../avr/lib/avr5/libm.a(sin.o)
                                                  /usr/local/CrossPack-AVR-20130212/lib/gcc/avr/4.6.2/../../../../avr/lib/avr5/libm.a(cos.o)
__fp_split3                                       /usr/local/CrossPack-AVR-20130212/lib/gcc/avr/4.6.2/../../../../avr/lib/avr5/libm.a(fp_split3.o)
                                                  /usr/local/CrossPack-AVR-20130212/lib/gcc/avr/4.6.2/../../../../avr/lib/avr5/libm.a(mulsf3x.o)
                                                  /usr/local/CrossPack-AVR-20130212/lib/gcc/avr/4.6.2/../../../../avr/lib/avr5/libm.a(divsf3x.o)
                                                  /usr/local/CrossPack-AVR-20130212/lib/gcc/avr/4.6.2/../../../../avr/lib/avr5/libm.a(addsf3x.o)
__fp_splitA                                       /usr/local/CrossPack-AVR-20130212/lib/gcc/avr/4.6.2/../../../../avr/lib/avr5/libm.a(fp_split3.o)
                                                  /usr/local/CrossPack-AVR-20130212/lib/gcc/avr/4.6.2/../../../../avr/lib/avr5/libm.a(fp_rempio2.o)
                                                  /usr/local/CrossPack-AVR-20130212/lib/gcc/avr/4.6.2/../../../../avr/lib/avr5/libm.a(fixunssfsi.o)
__fp_szero                                        /usr/local/CrossPack-AVR-20130212/lib/gcc/avr/4.6.2/../../../../avr/lib/avr5/libm.a(fp_zero.o)
                                                  /usr/local/CrossPack-AVR-20130212/lib/gcc/avr/4.6.2/../../../../avr/lib/avr5/libm.a(mulsf3x.o)
                                                  /usr/local/CrossPack-AVR-20130212/lib/gcc/avr/4.6.2/../../../../avr/lib/avr5/libm.a(fixsfsi.o)
                                                  /usr/local/CrossPack-AVR-20130212/lib/gcc/avr/4.6.2/../../../../avr/lib/avr5/libm.a(divsf3x.o)
__fp_zero                                         /usr/local/CrossPack-AVR-20130212/lib/gcc/avr/4.6.2/../../../../avr/lib/avr5/libm.a(fp_zero.o)
                                                  /usr/local/CrossPack-AVR-20130212/lib/gcc/avr/4.6.2/../../../../avr/lib/avr5/libm.a(fixunssfsi.o)
                                                  /usr/local/CrossPack-AVR-20130212/lib/gcc/avr/4.6.2/../../../../avr/lib/avr5/libm.a(addsf3x.o)
__heap_end                                        /usr/local/CrossPack-AVR-20130212/lib/gcc/avr/4.6.2/../../../../avr/lib/avr5/crtm32.o
__init                                            /usr/local/CrossPack-AVR-20130212/lib/gcc/avr/4.6.2/../../../../avr/lib/avr5/crtm32.o
__mulsf3                                          /usr/local/CrossPack-AVR-20130212/lib/gcc/avr/4.6.2/../../../../avr/lib/avr5/libm.a(mulsf3.o)
                                                  /usr/local/CrossPack-AVR-20130212/lib/gcc/avr/4.6.2/../../../../avr/lib/avr5/libm.a(fp_powsodd.o)
                                                  draw.o
__mulsf3_pse                                      /usr/local/CrossPack-AVR-20130212/lib/gcc/avr/4.6.2/../../../../avr/lib/avr5/libm.a(mulsf3x.o)
__mulsf3x                                         /usr/local/CrossPack-AVR-20130212/lib/gcc/avr/4.6.2/../../../../avr/lib/avr5/libm.a(mulsf3x.o)
                                                  /usr/local/CrossPack-AVR-20130212/lib/gcc/avr/4.6.2/../../../../avr/lib/avr5/libm.a(fp_powser.o)
                                                  /usr/local/CrossPack-AVR-20130212/lib/gcc/avr/4.6.2/../../../../avr/lib/avr5/libm.a(mulsf3.o)
__mulsi3                                          /usr/local/CrossPack-AVR-20130212/lib/gcc/avr/4.6.2/avr5/libgcc.a(_mulsi3.o)
                                                  /usr/local/CrossPack-AVR-20130212/lib/gcc/avr/4.6.2/../../../../avr/lib/avr5/libc.a(rand.o)
__stack                                           /usr/local/CrossPack-AVR-20130212/lib/gcc/avr/4.6.2/../../../../avr/lib/avr5/crtm32.o
__subsf3                                          /usr/local/CrossPack-AVR-20130212/lib/gcc/avr/4.6.2/../../../../avr/lib/avr5/libm.a(addsf3.o)
__udivmodhi4                                      /usr/local/CrossPack-AVR-20130212/lib/gcc/avr/4.6.2/avr5/libgcc.a(_udivmodhi4.o)
                                                  /usr/local/CrossPack-AVR-20130212/lib/gcc/avr/4.6.2/avr5/libgcc.a(_divmodhi4.o)
__udivmodqi4                                      /usr/local/CrossPack-AVR-20130212/lib/gcc/avr/4.6.2/avr5/libgcc.a(_udivmodqi4.o)
                                                  main.o
__udivmodsi4                                      /usr/local/CrossPack-AVR-20130212/lib/gcc/avr/4.6.2/avr5/libgcc.a(_udivmodsi4.o)
                                                  /usr/local/CrossPack-AVR-20130212/lib/gcc/avr/4.6.2/avr5/libgcc.a(_divmodsi4.o)
__vector_1                                        /usr/local/CrossPack-AVR-20130212/lib/gcc/avr/4.6.2/../../../../avr/lib/avr5/crtm32.o
__vector_10                                       main.o
                                                  /usr/local/CrossPack-AVR-20130212/lib/gcc/avr/4.6.2/../../../../avr/lib/avr5/crtm32.o
__vector_11                                       /usr/local/CrossPack-AVR-20130212/lib/gcc/avr/4.6.2/../../../../avr/lib/avr5/crtm32.o
__vector_12                                       /usr/local/CrossPack-AVR-20130212/lib/gcc/avr/4.6.2/../../../../avr/lib/avr5/crtm32.o
__vector_13                                       uart.o
                                                  /usr/local/CrossPack-AVR-20130212/lib/gcc/avr/4.6.2/../../../../avr/lib/avr5/crtm32.o
__vector_14                                       uart.o
                                                  /usr/local/CrossPack-AVR-20130212/lib/gcc/avr/4.6.2/../../../../avr/lib/avr5/crtm32.o
__vector_15                                       /usr/local/CrossPack-AVR-20130212/lib/gcc/avr/4.6.2/../../../../avr/lib/avr5/crtm32.o
__vector_16                                       /usr/local/CrossPack-AVR-20130212/lib/gcc/avr/4.6.2/../../../../avr/lib/avr5/crtm32.o
__vector_17                                       /usr/local/CrossPack-AVR-20130212/lib/gcc/avr/4.6.2/../../../../avr/lib/avr5/crtm32.o
__vector_18                                       /usr/local/CrossPack-AVR-20130212/lib/gcc/avr/4.6.2/../../../../avr/lib/avr5/crtm32.o
__vector_19                                       /usr/local/CrossPack-AVR-20130212/lib/gcc/avr/4.6.2/../../../../avr/lib/avr5/crtm32.o
__vector_2                                        /usr/local/CrossPack-AVR-20130212/lib/gcc/avr/4.6.2/../../../../avr/lib/avr5/crtm32.o
__vector_20                                       /usr/local/CrossPack-AVR-20130212/lib/gcc/avr/4.6.2/../../../../avr/lib/avr5/crtm32.o
__vector_3                                        /usr/local/CrossPack-AVR-20130212/lib/gcc/avr/4.6.2/../../../../avr/lib/avr5/crtm32.o
__vector_4                                        main.o
                                                  /usr/local/CrossPack-AVR-20130212/lib/gcc/avr/4.6.2/../../../../avr/lib/avr5/crtm32.o
__vector_5                                        /usr/local/CrossPack-AVR-20130212/lib/gcc/avr/4.6.2/../../../../avr/lib/avr5/crtm32.o
__vector_6                                        /usr/local/CrossPack-AVR-20130212/lib/gcc/avr/4.6.2/../../../../avr/lib/avr5/crtm32.o
__vector_7                                        /usr/local/CrossPack-AVR-20130212/lib/gcc/avr/4.6.2/../../../../avr/lib/avr5/crtm32.o
__vector_8                                        /usr/local/CrossPack-AVR-20130212/lib/gcc/avr/4.6.2/../../../../avr/lib/avr5/crtm32.o
__vector_9                                        /usr/local/CrossPack-AVR-20130212/lib/gcc/avr/4.6.2/../../../../avr/lib/avr5/crtm32.o
__vector_default                                  /usr/local/CrossPack-AVR-20130212/lib/gcc/avr/4.6.2/../../../../avr/lib/avr5/crtm32.o
__vectors                                         /usr/local/CrossPack-AVR-20130212/lib/gcc/avr/4.6.2/../../../../avr/lib/avr5/crtm32.o
_div                                              /usr/local/CrossPack-AVR-20130212/lib/gcc/avr/4.6.2/avr5/libgcc.a(_divmodhi4.o)
_exit                                             /usr/local/CrossPack-AVR-20130212/lib/gcc/avr/4.6.2/avr5/libgcc.a(_exit.o)
altervoxel                                        draw.o
                                                  effect.o
argorder                                          draw.o
binary_mode                                       main.o
bitmaps                                           font.o
boingboing                                        effect.o
                                                  launch_effect.o
box_filled                                        draw.o
                                                  music.o
box_walls                                         draw.o
box_wireframe                                     draw.o
                                                  effect.o
byteline                                          draw.o
change_debug_mode                                 debug.o
clrplane                                          draw.o
clrplane_x                                        draw.o
clrplane_y                                        draw.o
clrplane_z                                        draw.o
                                                  main.o
clrvoxel                                          draw.o
                                                  effect.o
command_list                                      command_line.o
cos                                               /usr/local/CrossPack-AVR-20130212/lib/gcc/avr/4.6.2/../../../../avr/lib/avr5/libm.a(cos.o)
                                                  effect.o
cube                                              music.o
                                                  launch_effect.o
                                                  gameoflife.o
                                                  effect.o
                                                  draw.o
                                                  main.o
current_layer                                     main.o
current_mode                                      main.o
current_pos                                       command_line.o
data                                              command_line.o
debug_active                                      debug.o
debug_blink                                       debug.o
                                                  gameoflife.o
                                                  effect.o
                                                  main.o
debug_init                                        debug.o
                                                  main.o
debug_mode                                        debug.o
debug_mode_counter                                debug.o
debug_tick                                        debug.o
                                                  main.o
delay_ms                                          util.o
                                                  launch_effect.o
                                                  gameoflife.o
                                                  effect.o
                                                  main.o
delay_tick                                        util.o
                                                  main.o
draw_positions_axis                               effect.o
effect_axis_updown_randsuspend                    effect.o
                                                  launch_effect.o
effect_blinky2                                    effect.o
                                                  launch_effect.o
effect_box_shrink_grow                            effect.o
                                                  launch_effect.o
effect_box_woopwoop                               effect.o
                                                  launch_effect.o
effect_boxside_randsend_parallel                  effect.o
                                                  launch_effect.o
effect_loadbar                                    effect.o
                                                  launch_effect.o
effect_path_bitmap                                effect.o
                                                  launch_effect.o
effect_path_text                                  effect.o
                                                  launch_effect.o
effect_pathmove                                   effect.o
effect_pathspiral                                 effect.o
                                                  launch_effect.o
effect_planboing                                  effect.o
                                                  launch_effect.o
effect_rain                                       effect.o
                                                  launch_effect.o
effect_rand_patharound                            effect.o
                                                  launch_effect.o
effect_random_filler                              effect.o
                                                  launch_effect.o
effect_random_sparkle                             effect.o
                                                  launch_effect.o
effect_random_sparkle_flash                       effect.o
effect_smileyspin                                 effect.o
                                                  launch_effect.o
effect_stringfly2                                 effect.o
                                                  music.o
                                                  launch_effect.o
effect_telcstairs                                 effect.o
                                                  launch_effect.o
effect_telcstairs_do                              effect.o
effect_test                                       effect.o
effect_wormsqueeze                                effect.o
                                                  launch_effect.o
effect_z_updown                                   effect.o
                                                  launch_effect.o
effect_z_updown_move                              effect.o
exit                                              /usr/local/CrossPack-AVR-20130212/lib/gcc/avr/4.6.2/avr5/libgcc.a(_exit.o)
                                                  /usr/local/CrossPack-AVR-20130212/lib/gcc/avr/4.6.2/../../../../avr/lib/avr5/crtm32.o
fb                                                music.o
                                                  launch_effect.o
                                                  gameoflife.o
                                                  effect.o
                                                  draw.o
                                                  main.o
fill                                              draw.o
                                                  music.o
                                                  launch_effect.o
                                                  effect.o
                                                  main.o
flipbyte                                          draw.o
flpvoxel                                          draw.o
                                                  effect.o
font                                              font.o
font_getbitmap                                    font.o
font_getbitmappixel                               font.o
                                                  effect.o
font_getchar                                      font.o
                                                  effect.o
font_getpath                                      font.o
                                                  effect.o
getvoxel                                          draw.o
                                                  gameoflife.o
                                                  effect.o
gol_count_changes                                 gameoflife.o
gol_count_neighbors                               gameoflife.o
gol_nextgen                                       gameoflife.o
gol_play                                          gameoflife.o
                                                  launch_effect.o
inrange                                           draw.o
ioinit                                            main.o
last_debug_mode                                   debug.o
launch_effect                                     launch_effect.o
                                                  main.o
launch_music_effect                               music.o
line                                              draw.o
                                                  main.o
m_Echo                                            uart.o
m_current_delay                                   util.o
m_override_delay                                  util.o
m_timer_ms                                        util.o
main                                              main.o
                                                  /usr/local/CrossPack-AVR-20130212/lib/gcc/avr/4.6.2/../../../../avr/lib/avr5/crtm32.o
mirror_x                                          draw.o
                                                  effect.o
mirror_y                                          draw.o
                                                  effect.o
mirror_z                                          draw.o
                                                  effect.o
music_ball                                        music.o
music_bars                                        music.o
override_delay                                    util.o
                                                  main.o
parse                                             command_line.o
paths                                             font.o
rand                                              /usr/local/CrossPack-AVR-20130212/lib/gcc/avr/4.6.2/../../../../avr/lib/avr5/libc.a(rand.o)
                                                  launch_effect.o
                                                  effect.o
                                                  main.o
rand_r                                            /usr/local/CrossPack-AVR-20130212/lib/gcc/avr/4.6.2/../../../../avr/lib/avr5/libc.a(rand.o)
read_and_execute                                  command_line.o
receive_char                                      uart.o
                                                  command_line.o
                                                  main.o
receive_string                                    uart.o
rs232                                             main.o
send_char                                         uart.o
send_debug_info                                   debug.o
                                                  music.o
                                                  launch_effect.o
send_debug_info_p                                 debug.o
send_string                                       uart.o
                                                  debug.o
send_string_p                                     uart.o
                                                  debug.o
sendplane_rand_z                                  effect.o
sendvoxel_z                                       effect.o
sendvoxels_rand_z                                 effect.o
                                                  launch_effect.o
set_timer                                         util.o
                                                  music.o
setplane                                          draw.o
                                                  effect.o
setplane_x                                        draw.o
setplane_y                                        draw.o
setplane_z                                        draw.o
                                                  effect.o
                                                  main.o
setvoxel                                          draw.o
                                                  launch_effect.o
                                                  effect.o
shift                                             draw.o
                                                  effect.o
sin                                               /usr/local/CrossPack-AVR-20130212/lib/gcc/avr/4.6.2/../../../../avr/lib/avr5/libm.a(sin.o)
                                                  effect.o
srand                                             /usr/local/CrossPack-AVR-20130212/lib/gcc/avr/4.6.2/../../../../avr/lib/avr5/libc.a(rand.o)
                                                  main.o
strtok                                            /usr/local/CrossPack-AVR-20130212/lib/gcc/avr/4.6.2/../../../../avr/lib/avr5/libc.a(strtok.o)
                                                  command_line.o
strtok_r                                          /usr/local/CrossPack-AVR-20130212/lib/gcc/avr/4.6.2/../../../../avr/lib/avr5/libc.a(strtok_r.o)
                                                  /usr/local/CrossPack-AVR-20130212/lib/gcc/avr/4.6.2/../../../../avr/lib/avr5/libc.a(strtok.o)
timer_expired                                     util.o
                                                  music.o
tmp2cube                                          draw.o
                                                  gameoflife.o
                                                  main.o
tmpclrvoxel                                       draw.o
                                                  gameoflife.o
tmpfill                                           draw.o
                                                  gameoflife.o
tmpsetvoxel                                       draw.o
                                                  gameoflife.o
usart_init                                        uart.o
                                                  main.o
util_init                                         util.o
                                                  main.o
